{
  "version": "1.5.0",
  "plugins_used": [
    {
      "name": "ArtifactoryDetector"
    },
    {
      "name": "AWSKeyDetector"
    },
    {
      "name": "AzureStorageKeyDetector"
    },
    {
      "name": "Base64HighEntropyString",
      "limit": 4.5
    },
    {
      "name": "BasicAuthDetector"
    },
    {
      "name": "CloudantDetector"
    },
    {
      "name": "DiscordBotTokenDetector"
    },
    {
      "name": "GitHubTokenDetector"
    },
    {
      "name": "GitLabTokenDetector"
    },
    {
      "name": "HexHighEntropyString",
      "limit": 3.0
    },
    {
      "name": "IbmCloudIamDetector"
    },
    {
      "name": "IbmCosHmacDetector"
    },
    {
      "name": "IPPublicDetector"
    },
    {
      "name": "JwtTokenDetector"
    },
    {
      "name": "KeywordDetector",
      "keyword_exclude": ""
    },
    {
      "name": "MailchimpDetector"
    },
    {
      "name": "NpmDetector"
    },
    {
      "name": "OpenAIDetector"
    },
    {
      "name": "PrivateKeyDetector"
    },
    {
      "name": "PypiTokenDetector"
    },
    {
      "name": "SendGridDetector"
    },
    {
      "name": "SlackDetector"
    },
    {
      "name": "SoftlayerDetector"
    },
    {
      "name": "SquareOAuthDetector"
    },
    {
      "name": "StripeDetector"
    },
    {
      "name": "TelegramBotTokenDetector"
    },
    {
      "name": "TwilioKeyDetector"
    }
  ],
  "filters_used": [
    {
      "path": "detect_secrets.filters.allowlist.is_line_allowlisted"
    },
    {
      "path": "detect_secrets.filters.common.is_baseline_file",
      "filename": ".secrets.baseline"
    },
    {
      "path": "detect_secrets.filters.common.is_ignored_due_to_verification_policies",
      "min_level": 2
    },
    {
      "path": "detect_secrets.filters.heuristic.is_indirect_reference"
    },
    {
      "path": "detect_secrets.filters.heuristic.is_likely_id_string"
    },
    {
      "path": "detect_secrets.filters.heuristic.is_lock_file"
    },
    {
      "path": "detect_secrets.filters.heuristic.is_not_alphanumeric_string"
    },
    {
      "path": "detect_secrets.filters.heuristic.is_potential_uuid"
    },
    {
      "path": "detect_secrets.filters.heuristic.is_prefixed_with_dollar_sign"
    },
    {
      "path": "detect_secrets.filters.heuristic.is_sequential_string"
    },
    {
      "path": "detect_secrets.filters.heuristic.is_swagger_file"
    },
    {
      "path": "detect_secrets.filters.heuristic.is_templated_secret"
    }
  ],
  "results": {
    "Dockerfile": [
      {
        "type": "Hex High Entropy String",
        "filename": "Dockerfile",
        "hashed_secret": "00d9f4e0808dbd6a8c3d74873c6f71efe1e68d89",
        "is_verified": false,
        "line_number": 32
      }
    ],
    "Dockerfile.crawler": [
      {
        "type": "Hex High Entropy String",
        "filename": "Dockerfile.crawler",
        "hashed_secret": "00d9f4e0808dbd6a8c3d74873c6f71efe1e68d89",
        "is_verified": false,
        "line_number": 13
      }
    ],
    "backend/embedding_service.py": [
      {
        "type": "Hex High Entropy String",
        "filename": "backend/embedding_service.py",
        "hashed_secret": "00d9f4e0808dbd6a8c3d74873c6f71efe1e68d89",
        "is_verified": false,
        "line_number": 27
      }
    ],
    "backend/evals/corpora/synthetic-v1/manifest.json": [
      {
        "type": "Hex High Entropy String",
        "filename": "backend/evals/corpora/synthetic-v1/manifest.json",
        "hashed_secret": "4a10dac6c4c65ab3b81938c97c83be7ea3ef5186",
        "is_verified": false,
        "line_number": 9
      },
      {
        "type": "Hex High Entropy String",
        "filename": "backend/evals/corpora/synthetic-v1/manifest.json",
        "hashed_secret": "cf48ef319881e1f6ff6226cfc1ec4cb79c2ef290",
        "is_verified": false,
        "line_number": 13
      },
      {
        "type": "Hex High Entropy String",
        "filename": "backend/evals/corpora/synthetic-v1/manifest.json",
        "hashed_secret": "c8f2ad05a01cffb255400c2f2f7fbf6625cd1435",
        "is_verified": false,
        "line_number": 17
      }
    ],
    "backend/evals/job-ranking-release-v1.protocol.json": [
      {
        "type": "Hex High Entropy String",
        "filename": "backend/evals/job-ranking-release-v1.protocol.json",
        "hashed_secret": "2e707afedf7dd59dbb1aef686ae1d26c4057d555",
        "is_verified": false,
        "line_number": 4
      },
      {
        "type": "Hex High Entropy String",
        "filename": "backend/evals/job-ranking-release-v1.protocol.json",
        "hashed_secret": "610a80c55616d682d9f78c2d4c0d4b4ae451f9eb",
        "is_verified": false,
        "line_number": 7
      },
      {
        "type": "Hex High Entropy String",
        "filename": "backend/evals/job-ranking-release-v1.protocol.json",
        "hashed_secret": "00d9f4e0808dbd6a8c3d74873c6f71efe1e68d89",
        "is_verified": false,
        "line_number": 12
      },
      {
        "type": "Hex High Entropy String",
        "filename": "backend/evals/job-ranking-release-v1.protocol.json",
        "hashed_secret": "9feedddf18e2a91d40075426994126df86d9c537",
        "is_verified": false,
        "line_number": 13
      }
    ],
    "backend/evals/job-ranking-v1.json": [
      {
        "type": "Hex High Entropy String",
        "filename": "backend/evals/job-ranking-v1.json",
        "hashed_secret": "00d9f4e0808dbd6a8c3d74873c6f71efe1e68d89",
        "is_verified": false,
        "line_number": 4
      }
    ],
    "tests/test_password_reset.py": [
      {
        "type": "Secret Keyword",
        "filename": "tests/test_password_reset.py",
        "hashed_secret": "a0f4ea7d91495df92bbac2e2149dfb850fe81396",
        "is_verified": false,
        "line_number": 21
      }
    ]
  },
  "generated_at": "2026-08-25T14:03:08Z"
}
