05:24:41 [INFO] Starting FULL CRAWL of all SG job portals...
05:24:41 [INFO] ============================================================
05:24:41 [INFO] FULL CRAWL: MyCareersFuture
05:24:41 [INFO] ============================================================
05:24:41 [INFO] [MCF] Searching for '' (limit=100, page=0)...
05:24:42 [INFO] [MCF] Got 100 results (total: 90732)
05:24:42 [ERROR] [MCF] Page 0 failed: (sqlite3.IntegrityError) UNIQUE constraint failed: scraped_jobs.dedup_key
[SQL: INSERT INTO scraped_jobs (title, company, location, salary, source, url, posted_date, employment_type, seniority, description, skills, agency, dedup_key, search_keyword, scraped_at) VALUES (?, ?, ?, ?, ?, ?, ?, ?, ?, ?, ?, ?, ?, ?, ?) RETURNING id]
[parameters: ('Business Development (Entry-level)', 'ROYAL ORG PTE. LTD.', 'BOAT QUAY', '$3,000 - $4,800', 'MyCareersFuture', 'https://www.mycareersfuture.gov.sg/job/5f14eacf9282c153398b9c478ca45e4f', '2026-03-24', '', 'Fresh/entry level', 'Accelerate Your Career in Business Development & Marketing Join Royal Organisation – a rapidly growing firm representing leading brands and deliverin ... (1080 characters truncated) ... tep in your career with a team that values growth, initiative, and collaboration. Apply now and become part of an ambitious and dynamic organisation.', '["Sales", "Leadership", "Interpersonal Skills", "B2B Marketing", "Career Development", "Leadership Development", "Marketing", "Strategy", "B2B Sales", "Adaptability", "Career Coaching", "Communication Skills", "Team Player", "Customer Service", "Business Development", "B2C Marketing"]', '', '7987d9a4478b2c5b6476e9eb26a73566', 'all', '2026-03-24T05:24:42.719108')]
(Background on this error at: https://sqlalche.me/e/20/gkpj)
05:24:44 [INFO] [MCF] Searching for '' (limit=100, page=1)...
05:24:45 [INFO] [MCF] Got 100 results (total: 90732)
05:24:45 [ERROR] [MCF] Page 1 failed: (sqlite3.IntegrityError) UNIQUE constraint failed: scraped_jobs.dedup_key
[SQL: INSERT INTO scraped_jobs (title, company, location, salary, source, url, posted_date, employment_type, seniority, description, skills, agency, dedup_key, search_keyword, scraped_at) VALUES (?, ?, ?, ?, ?, ?, ?, ?, ?, ?, ?, ?, ?, ?, ?) RETURNING id]
[parameters: ('Sales Admin Coordinator', 'YUHENG DESIGN PTE. LTD.', 'link@amk', '$3,500 - $6,500', 'MyCareersFuture', 'https://www.mycareersfuture.gov.sg/job/53ab770e3cd053729ded3dde9989339b', '2026-03-24', '', 'Manager', 'Perform route planning and scheduling of daily mantainance Service appointments Manage job status updates and attend to customer service request inqu ... (348 characters truncated) ... fter job completion Record payments in accounts receivable Follow up with customers to ensure overdue invoices are resolved Ad hoc duties as assigned', '["Microsoft Excel", "Interpersonal Skills", "Arranging", "Administration", "Written Communication", "Data Entry", "Accounts Receivable", "Freight", "Administrative Support", "Team Player", "Microsoft Word", "Customer Service", "Scheduling"]', '', '83f2028909ba271c743f466705649b56', 'all', '2026-03-24T05:24:45.477423')]
(Background on this error at: https://sqlalche.me/e/20/gkpj)
05:24:47 [INFO] [MCF] Searching for '' (limit=100, page=2)...
05:24:48 [INFO] [MCF] Got 100 results (total: 90732)
05:24:48 [ERROR] [MCF] Page 2 failed: (sqlite3.IntegrityError) UNIQUE constraint failed: scraped_jobs.dedup_key
[SQL: INSERT INTO scraped_jobs (title, company, location, salary, source, url, posted_date, employment_type, seniority, description, skills, agency, dedup_key, search_keyword, scraped_at) VALUES (?, ?, ?, ?, ?, ?, ?, ?, ?, ?, ?, ?, ?, ?, ?) RETURNING id]
[parameters: ('Marketing Team Lead (Entry level)', 'ROYAL ORG PTE. LTD.', 'BOAT QUAY', '$3,000 - $4,900', 'MyCareersFuture', 'https://www.mycareersfuture.gov.sg/job/f2ca7c34e1e485124d5154958c420ee6', '2026-03-23', '', 'Executive', 'Lead Big. Glow Bigger. 🌠 Stop following — start leading . Step into a role where your impact, confidence, and growth shine as bright as your ambition ... (789 characters truncated) ... We’re looking for confident, coachable, and ambitious individuals ready to lead big, shine bright, and grow fast . Step up. Stand out. Glow bigger. 🌠', '["Lead Generation", "Inspiring People", "Leadership", "Persuasion", "Self-driven", "Deals closing", "Sales Growth", "Team Management", "Lead Construction", "Team Motivation"]', '', 'ad58171ddaef5eab664efa33a2760825', 'all', '2026-03-24T05:24:48.526117')]
(Background on this error at: https://sqlalche.me/e/20/gkpj)
05:24:50 [INFO] [MCF] Searching for '' (limit=100, page=3)...
05:24:51 [INFO] [MCF] Got 100 results (total: 90732)
05:24:51 [ERROR] [MCF] Page 3 failed: (sqlite3.IntegrityError) UNIQUE constraint failed: scraped_jobs.dedup_key
[SQL: INSERT INTO scraped_jobs (title, company, location, salary, source, url, posted_date, employment_type, seniority, description, skills, agency, dedup_key, search_keyword, scraped_at) VALUES (?, ?, ?, ?, ?, ?, ?, ?, ?, ?, ?, ?, ?, ?, ?) RETURNING id]
[parameters: ('MARKETING & SALES (Clear Career Advancement)', 'SIMPLE RECRUIT', 'BOAT QUAY', '$3,000 - $5,000', 'MyCareersFuture', 'https://www.mycareersfuture.gov.sg/job/e075316b14e9399951531c49ac1f84f2', '2026-03-23', '', 'Fresh/entry level', 'Looking for a career switch? Tired of boring work environments? Craving for personal development? Look no further because WE ARE RECRUITING ! Require ... (585 characters truncated) ... for? Send in your resume to us by clicking APPLY NOW . We will bring you along for a GREATER ADVENTURE! Only shortlisted candidates will be notified.', '["Management Skills", "Sales", "Leadership", "Recruiting", "Mentorship", "Product Management", "Communication Skills", "Presentation Skills", "Team Player", "Personal Development"]', '', '294be6ba98a641a9f324a1c22a3353dc', 'all', '2026-03-24T05:24:51.514039')]
(Background on this error at: https://sqlalche.me/e/20/gkpj)
05:24:53 [INFO] [MCF] Searching for '' (limit=100, page=4)...
05:24:54 [INFO] [MCF] Got 100 results (total: 90732)
05:24:54 [ERROR] [MCF] Page 4 failed: (sqlite3.IntegrityError) UNIQUE constraint failed: scraped_jobs.dedup_key
[SQL: INSERT INTO scraped_jobs (title, company, location, salary, source, url, posted_date, employment_type, seniority, description, skills, agency, dedup_key, search_keyword, scraped_at) VALUES (?, ?, ?, ?, ?, ?, ?, ?, ?, ?, ?, ?, ?, ?, ?) RETURNING id]
[parameters: ('Medical Affairs Executive', 'IQVIA RDS EAST ASIA PTE. LTD.', 'ANSON ROAD', '$3,500 - $5,800', 'MyCareersFuture', 'https://www.mycareersfuture.gov.sg/job/6866cf6bfd1de5e12df30f73aeb82b98', '2026-03-23', '', 'Executive', 'Job Responsibilities: Medical Writing Acts as Medical Writer on any type of writing project, including projects with multiple deliverables/components ... (1517 characters truncated) ... l team meetings, monthly medical governance meetings, team retros, follow up on pending actions/deliverables and any other support for other projects', '["Pharmaceutical Industry", "Genomics", "Clinical Research", "Consolidation", "Medical Writing", "Healthcare", "Medicine", "Market Access", "Strategy", "Clinical Trials", "Medical Affairs", "Protocol", "Biology", "Advisory Boards", "Screening", "Therapeutic Areas", "Audit"]', '', '79ae0dfdbbe0a9bc3901a90629ccf91c', 'all', '2026-03-24T05:24:54.167003')]
(Background on this error at: https://sqlalche.me/e/20/gkpj)
05:24:56 [INFO] [MCF] Searching for '' (limit=100, page=5)...
05:24:57 [INFO] [MCF] Got 100 results (total: 90732)
05:24:57 [ERROR] [MCF] Page 5 failed: (sqlite3.IntegrityError) UNIQUE constraint failed: scraped_jobs.dedup_key
[SQL: INSERT INTO scraped_jobs (title, company, location, salary, source, url, posted_date, employment_type, seniority, description, skills, agency, dedup_key, search_keyword, scraped_at) VALUES (?, ?, ?, ?, ?, ?, ?, ?, ?, ?, ?, ?, ?, ?, ?) RETURNING id]
[parameters: ('Supervisor', 'TALENT HARBOR PTE. LTD.', 'KAKI BUKIT INDUSTRIAL TERRACE', '$3,000 - $5,500', 'MyCareersFuture', 'https://www.mycareersfuture.gov.sg/job/4d27ca8a4d12e349fcf7681d6c4c2566', '2026-03-23', '', 'Non-executive', "Roles & Responsibilities Job Descriptions: · Performing various skin treatments according to clients’ needs, such as facial/skin treatments. · Schedu ... (632 characters truncated) ... riented and customer focused · Able to work shifts, weekends and Public Holidays Tanlet Harbor Pte Ltd EA License: 24C2566 EA Personnel No: R24126237", '["Customer Service Oriented", "Holidays", "Gathering information from clients", "client files", "Job Descriptions", "administer treatments", "Needs Analysis", "shifts schedules", "Time Management", "Team Player", "Organization", "Appointment Scheduling", "Well Mannered", "Skin Care"]', '', '6621f588ba6d4b72735e63f544ee0340', 'all', '2026-03-24T05:24:57.441739')]
(Background on this error at: https://sqlalche.me/e/20/gkpj)
05:24:59 [INFO] [MCF] Searching for '' (limit=100, page=6)...
05:25:00 [INFO] [MCF] Got 100 results (total: 90732)
05:25:00 [ERROR] [MCF] Page 6 failed: (sqlite3.IntegrityError) UNIQUE constraint failed: scraped_jobs.dedup_key
[SQL: INSERT INTO scraped_jobs (title, company, location, salary, source, url, posted_date, employment_type, seniority, description, skills, agency, dedup_key, search_keyword, scraped_at) VALUES (?, ?, ?, ?, ?, ?, ?, ?, ?, ?, ?, ?, ?, ?, ?) RETURNING id]
[parameters: ('FLOOR/WALL TILER', 'RAINBOW PALETTE PTE. LTD.', 'Singapore', '$3,150 - $3,300', 'MyCareersFuture', 'https://www.mycareersfuture.gov.sg/job/c157e835d12fb1059c1395852ac2e67d', '2026-03-23', '', 'Non-executive', 'Requirements: 2 years experience Process work orders of projects. Estimates materials, man hours and cost requirements. Ensures that necessary materi ... (279 characters truncated) ... nt required in the performance of duties. Establish and maintain an effective working relationship with other employees. Basic conversational English', '["Calculations", "budget estimates", "cost estimates", "Job Safety", "Critical Thinking", "Tiling", "Emotional Intelligence", "Time Management skills", "Oral Communication", "Teamwork Skills"]', '', '49de0cf57a52c1cfea438673b57f328e', 'all', '2026-03-24T05:25:00.891143')]
(Background on this error at: https://sqlalche.me/e/20/gkpj)
05:25:02 [INFO] [MCF] Searching for '' (limit=100, page=7)...
05:25:04 [INFO] [MCF] Got 100 results (total: 90732)
05:25:04 [ERROR] [MCF] Page 7 failed: (sqlite3.IntegrityError) UNIQUE constraint failed: scraped_jobs.dedup_key
[SQL: INSERT INTO scraped_jobs (title, company, location, salary, source, url, posted_date, employment_type, seniority, description, skills, agency, dedup_key, search_keyword, scraped_at) VALUES (?, ?, ?, ?, ?, ?, ?, ?, ?, ?, ?, ?, ?, ?, ?) RETURNING id]
[parameters: ('Financial Consultant', 'LIONBROKERS PTE. LTD.', 'THE CENTRAL', '$6,000 - $12,000', 'MyCareersFuture', 'https://www.mycareersfuture.gov.sg/job/4890655c0470227e5d24a723cbc846e0', '2026-03-23', '', 'Fresh/entry level', 'Take Charge of Your Career: Tired of the 9-to-5 grind? Ready to build a career with real earning potential and flexibility? Join our team as a Financ ... (968 characters truncated) ... te, or Degree No experience required—full training provided, just come with your ambition for financial freedom Pay: $6,000.00 - $12,000.00 per month', '["Coaching", "Wealth Management", "Lifestyle", "Leadership", "Financial Planning", "Investments", "Wealth Accumulation", "Wealth", "Risk Management", "Entrepreneurship", "Banking", "Retirement Planning", "Financial Advisory", "Retirement", "Corporate Finance", "Financial Services"]', '', 'd2a03399de5aa27ee80efc11a946e381', 'all', '2026-03-24T05:25:04.182647')]
(Background on this error at: https://sqlalche.me/e/20/gkpj)
05:25:06 [INFO] [MCF] Searching for '' (limit=100, page=8)...
05:25:07 [INFO] [MCF] Got 100 results (total: 90732)
05:25:07 [ERROR] [MCF] Page 8 failed: (sqlite3.IntegrityError) UNIQUE constraint failed: scraped_jobs.dedup_key
[SQL: INSERT INTO scraped_jobs (title, company, location, salary, source, url, posted_date, employment_type, seniority, description, skills, agency, dedup_key, search_keyword, scraped_at) VALUES (?, ?, ?, ?, ?, ?, ?, ?, ?, ?, ?, ?, ?, ?, ?) RETURNING id]
[parameters: ('Chef', 'EC MANPOWER PTE. LTD.', 'SEA BREEZE WALK', '$3,200 - $5,500', 'MyCareersFuture', 'https://www.mycareersfuture.gov.sg/job/138eb061a5f2440cf78fdce9459659be', '2026-03-23', '', 'Non-executive', 'Roles & Responsibilities Roles & Responsibilities Ensuring that all food is of excellent quality and served in a timely manner. Planning the menu, ke ... (350 characters truncated) ... en. Creating new recipes to keep the menu fresh. Keeping up to date with industry trends. Receiving feedback and making improvements where necessary.', '["Recipes", "Ingredients", "Personal Chef Services", "Food Safety", "Cooking", "Budget Setting", "Food and Beverage Safety, Hygiene and Security", "Sanitation", "Assisting Others", "Kitchen Management"]', '', '14466f6031b2a75ee01f43a7260bc9f1', 'all', '2026-03-24T05:25:07.531140')]
(Background on this error at: https://sqlalche.me/e/20/gkpj)
05:25:09 [INFO] [MCF] Searching for '' (limit=100, page=9)...
05:25:10 [INFO] [MCF] Got 100 results (total: 90732)
05:25:10 [INFO] [MCF] Page 9: 100 jobs (total new: 867, updated: 133)
05:25:11 [INFO] [MCF] Searching for '' (limit=100, page=10)...
05:25:12 [INFO] [MCF] Got 100 results (total: 90732)
05:25:12 [INFO] [MCF] Page 10: 100 jobs (total new: 956, updated: 144)
05:25:12 [INFO] [MCF] Searching for '' (limit=100, page=11)...
05:25:13 [INFO] [MCF] Got 100 results (total: 90732)
05:25:14 [ERROR] [MCF] Page 11 failed: (sqlite3.IntegrityError) UNIQUE constraint failed: scraped_jobs.dedup_key
[SQL: INSERT INTO scraped_jobs (title, company, location, salary, source, url, posted_date, employment_type, seniority, description, skills, agency, dedup_key, search_keyword, scraped_at) VALUES (?, ?, ?, ?, ?, ?, ?, ?, ?, ?, ?, ?, ?, ?, ?) RETURNING id]
[parameters: ('Event and Marketing (Entry Level)', 'MYTHIC VISION', 'YISHUN STREET 61', '$3,200 - $4,000', 'MyCareersFuture', 'https://www.mycareersfuture.gov.sg/job/78f3e66aa7c54718fcec214587bba575', '2026-03-23', '', 'Fresh/entry level', 'If you’re a self-driven, outgoing and sharp… We want you!! Our organisation is looking for the next talent to develop in our industry to lead and man ... (347 characters truncated) ...  have: - Keen learning attitude - Team player - Not afraid to make mistakes We regret to inform you that only shortlisted candidate will be notified.', '["Coaching", "Sales", "Leadership", "Interpersonal Skills", "Marketing", "Strategy", "Mentorship", "Customer Acquisition", "Team Player", "Customer Service"]', '', '47f789c91f91602b7edfa31b00e87d28', 'all', '2026-03-24T05:25:13.995331')]
(Background on this error at: https://sqlalche.me/e/20/gkpj)
05:25:16 [INFO] [MCF] Searching for '' (limit=100, page=12)...
05:25:17 [INFO] [MCF] Got 100 results (total: 90732)
05:25:17 [ERROR] [MCF] Page 12 failed: (sqlite3.IntegrityError) UNIQUE constraint failed: scraped_jobs.dedup_key
[SQL: INSERT INTO scraped_jobs (title, company, location, salary, source, url, posted_date, employment_type, seniority, description, skills, agency, dedup_key, search_keyword, scraped_at) VALUES (?, ?, ?, ?, ?, ?, ?, ?, ?, ?, ?, ?, ?, ?, ?) RETURNING id]
[parameters: ('LORRY DRIVER', 'ORIENTAL EMPLOYMENT PTE. LTD.', 'CHIN BEE CRESCENT', '$3,100 - $5,200', 'MyCareersFuture', 'https://www.mycareersfuture.gov.sg/job/36b3bf87e4e70f45da36c810422f24f3', '2026-03-23', '', 'Executive', 'Loading and unloading of goods onto vehicle according to delivery order. Perform pickups and collection for the company covering specific areas. Ensu ... (156 characters truncated) ... ng excellent customer service during delivery. Willingness to work night shift and split shift. Willingness to work extra hours or weekend if needed.', '["Class 4 Driving License", "Warehouse Receipt", "Customer Service Delivery", "Physical Fitness", "safety of customers", "Unloading", "Shift Nights", "Driving License", "Class 3 Driving License", "Schedule a Pickup"]', '', '7e17166ae14714ce5a2a749b48df411e', 'all', '2026-03-24T05:25:17.302453')]
(Background on this error at: https://sqlalche.me/e/20/gkpj)
05:25:19 [INFO] [MCF] Searching for '' (limit=100, page=13)...
05:25:20 [INFO] [MCF] Got 100 results (total: 90732)
05:25:20 [INFO] [MCF] Page 13: 100 jobs (total new: 1232, updated: 168)
05:25:21 [INFO] [MCF] Searching for '' (limit=100, page=14)...
05:25:22 [INFO] [MCF] Got 100 results (total: 90732)
05:25:22 [ERROR] [MCF] Page 14 failed: (sqlite3.IntegrityError) UNIQUE constraint failed: scraped_jobs.dedup_key
[SQL: INSERT INTO scraped_jobs (title, company, location, salary, source, url, posted_date, employment_type, seniority, description, skills, agency, dedup_key, search_keyword, scraped_at) VALUES (?, ?, ?, ?, ?, ?, ?, ?, ?, ?, ?, ?, ?, ?, ?) RETURNING id]
[parameters: ('Structural Engineer (building)', 'LXP CONSULTANTS PTE. LTD.', 'OXLEY BIZHUB', '$6,000 - $7,500', 'MyCareersFuture', 'https://www.mycareersfuture.gov.sg/job/72f5404fc9831effa474a9c70e3c4989', '2026-03-23', '', 'Professional', "Responsibilities: In charge of overall project management, planning, and control, as well as project budget analysis and profitability. Manage all si ... (748 characters truncated) ... l Projects is MUST Able to work at multiple locations & sites Able to work day/night shifts, rotating shifts Class 3 Driving License with own vehicle", '["Planning", "Industrial Organization", "Construction", "Cash Flow Management", "Civil and Structural Engineering Management", "Procurement Contracts", "Class 3 Driving License", "Costing", "Delivery Management", "safety standards"]', '', 'fa9e44a3aea4405bf7f6836d890f6f73', 'all', '2026-03-24T05:25:22.040369')]
(Background on this error at: https://sqlalche.me/e/20/gkpj)
05:25:24 [INFO] [MCF] Searching for '' (limit=100, page=15)...
05:25:24 [INFO] [MCF] Got 100 results (total: 90732)
05:25:24 [ERROR] [MCF] Page 15 failed: (sqlite3.IntegrityError) UNIQUE constraint failed: scraped_jobs.dedup_key
[SQL: INSERT INTO scraped_jobs (title, company, location, salary, source, url, posted_date, employment_type, seniority, description, skills, agency, dedup_key, search_keyword, scraped_at) VALUES (?, ?, ?, ?, ?, ?, ?, ?, ?, ?, ?, ?, ?, ?, ?) RETURNING id]
[parameters: ('MANAGEMENT ASSOCIATE', 'MANDATE OF MANPOWER PTE. LTD.', 'NOVELTY BIZCENTRE', '$7,500 - $15,000', 'MyCareersFuture', 'https://www.mycareersfuture.gov.sg/job/451a29668445746d88e6448f8f64dd3b', '2026-03-23', '', 'Senior Management', "Responsibilities including but not limited to: Influence business unit leadership to make sound strategic decisions for business Provide key analysis ... (1051 characters truncated) ...  disadvantages of different communications media options To develop company business campaigns and enhance campaign awareness and campaign visibility", '["Negotiation", "Wealth Management", "Excellent Communication Skills", "Campaign Development", "Strategic Analysis", "Stakeholder Engagement", "Strategic Leadership", "Technical Training", "Time Management", "Administrative Management"]', '', 'ba43c7ce7bb0b39accd3dcb81fe827f4', 'all', '2026-03-24T05:25:24.833243')]
(Background on this error at: https://sqlalche.me/e/20/gkpj)
05:25:26 [INFO] [MCF] Searching for '' (limit=100, page=16)...
05:25:27 [INFO] [MCF] Got 100 results (total: 90732)
05:25:27 [ERROR] [MCF] Page 16 failed: (sqlite3.IntegrityError) UNIQUE constraint failed: scraped_jobs.dedup_key
[SQL: INSERT INTO scraped_jobs (title, company, location, salary, source, url, posted_date, employment_type, seniority, description, skills, agency, dedup_key, search_keyword, scraped_at) VALUES (?, ?, ?, ?, ?, ?, ?, ?, ?, ?, ?, ?, ?, ?, ?) RETURNING id]
[parameters: ('🌕Travelling Opportunities (Events)', 'SIMPLE RECRUIT', 'BOAT QUAY', '$3,500 - $4,200', 'MyCareersFuture', 'https://www.mycareersfuture.gov.sg/job/5ead6d7c165baca4abc27b46d52c801c', '2026-03-23', '', 'Fresh/entry level', 'Job Overview We are seeking motivated individuals who are looking to begin their careers in sales and marketing with a structured development pathway ... (882 characters truncated) ... d onboarding and skills training Clear and transparent performance-based career progression Leadership development opportunities Travel opportunities', '["Teamwork", "Sales and Marketing", "Discipline", "Interpersonal Skill", "Training Development", "Brand Campaign Management", "Self-driven", "Results ... (39 characters truncated) ... o learn", "set team goals", "Accountability", "Goal-driven Leader", "Customer Service", "Challenge Driven", "positive attitude", "leadership skills"]', '', '51336a13406dc94b8f8d6b433f222f14', 'all', '2026-03-24T05:25:27.718299')]
(Background on this error at: https://sqlalche.me/e/20/gkpj)
05:25:29 [INFO] [MCF] Searching for '' (limit=100, page=17)...
05:25:31 [INFO] [MCF] Got 100 results (total: 90732)
05:25:31 [INFO] [MCF] Page 17: 100 jobs (total new: 1617, updated: 183)
05:25:32 [INFO] [MCF] Searching for '' (limit=100, page=18)...
05:25:33 [INFO] [MCF] Got 100 results (total: 90732)
05:25:33 [ERROR] [MCF] Page 18 failed: (sqlite3.IntegrityError) UNIQUE constraint failed: scraped_jobs.dedup_key
[SQL: INSERT INTO scraped_jobs (title, company, location, salary, source, url, posted_date, employment_type, seniority, description, skills, agency, dedup_key, search_keyword, scraped_at) VALUES (?, ?, ?, ?, ?, ?, ?, ?, ?, ?, ?, ?, ?, ?, ?) RETURNING id]
[parameters: ('Manager', 'DING FENG INFORMATION SERVICES PTE. LTD.', 'Singapore', '$8,000 - $12,000', 'MyCareersFuture', 'https://www.mycareersfuture.gov.sg/job/f04d79b9d87adb3ebdc7bbc8416a07b9', '2026-03-23', '', 'Professional', "-The managing 's responsibilities include developing and implementing strategic plans and company policies, maintaining an open dialogue with stakeho ... (236 characters truncated) ... gic visions, and is adept at crisis management -Maintaining positive and trust-based relations with business partners, shareholders, and authorities.", '["Coaching", "business objectives", "Management Skills", "Microsoft Excel", "Tax", "Administration", "Leading Organizational Change", "Managerial", "company policies", "Crisis Management", "identified stakeholders", "Strategic Vision", "Management"]', '', 'c877525c3e8305beb8b8153c15419f7b', 'all', '2026-03-24T05:25:33.009734')]
(Background on this error at: https://sqlalche.me/e/20/gkpj)
05:25:35 [INFO] [MCF] Searching for '' (limit=100, page=19)...
05:25:35 [INFO] [MCF] Got 100 results (total: 90732)
05:25:35 [ERROR] [MCF] Page 19 failed: (sqlite3.IntegrityError) UNIQUE constraint failed: scraped_jobs.dedup_key
[SQL: INSERT INTO scraped_jobs (title, company, location, salary, source, url, posted_date, employment_type, seniority, description, skills, agency, dedup_key, search_keyword, scraped_at) VALUES (?, ?, ?, ?, ?, ?, ?, ?, ?, ?, ?, ?, ?, ?, ?) RETURNING id]
[parameters: ('Supervisor', 'DOMESTIC MAID SPECIALIST', 'FISHERY PORT ROAD', '$3,000 - $5,000', 'MyCareersFuture', 'https://www.mycareersfuture.gov.sg/job/e5ee073e6648a5a59716cd473eee375e', '2026-03-23', '', 'Executive', 'Requirements · Proven experience as Supervisor or similar role · Organizational and leadership abilities · Communication and interpersonal skills · S ... (322 characters truncated) ... dules · Oversee and coach employees · Identify issues in efficiency and suggest improvements · Enforce strict safety guidelines and company standards', '["Coaching", "Health and Safety guidelines", "Leadership", "Microsoft Excel", "Supervisory Skills", "Purchasing", "Counseling", "Problem Solving", "Workflow Management", "Scheduling", "Efficiency Improvement"]', '', '74c33f7cf557a0a0d81e980b54b19da9', 'all', '2026-03-24T05:25:35.805853')]
(Background on this error at: https://sqlalche.me/e/20/gkpj)
05:25:37 [INFO] [MCF] Searching for '' (limit=100, page=20)...
05:25:39 [INFO] [MCF] Got 100 results (total: 90732)
05:25:39 [INFO] [MCF] Page 20: 100 jobs (total new: 1802, updated: 298)
05:25:40 [INFO] [MCF] Searching for '' (limit=100, page=21)...
05:25:41 [INFO] [MCF] Got 100 results (total: 90732)
05:25:41 [ERROR] [MCF] Page 21 failed: (sqlite3.IntegrityError) UNIQUE constraint failed: scraped_jobs.dedup_key
[SQL: INSERT INTO scraped_jobs (title, company, location, salary, source, url, posted_date, employment_type, seniority, description, skills, agency, dedup_key, search_keyword, scraped_at) VALUES (?, ?, ?, ?, ?, ?, ?, ?, ?, ?, ?, ?, ?, ?, ?) RETURNING id]
[parameters: ('Sales & Marketing (Entry Level)', 'SIMPLE RECRUIT', 'BOAT QUAY', '$3,000 - $4,000', 'MyCareersFuture', 'https://www.mycareersfuture.gov.sg/job/970c085b56bb518c6415aeacc5c51d99', '2026-03-23', '', 'Fresh/entry level', "🕒 Full-Time | 💼 Entry Level | 🌍 Travel Opportunities Are you someone who’s hungry to grow, loves working with people, and ready to build a career (no ... (1053 characters truncated) ... re? Apply now and let's build something awesome together. ✨ 📩 Click APPLY NOW and send us your resume. Only shortlisted candidates will be contacted.", '["Management Skills", "Sales", "Leadership", "Ability To Work Independently", "Strategic Communications", "Marketing Communications", "Positive Team  ... (80 characters truncated) ... eam Player", "Positive Personality", "Maintaining a Positive Attitude", "Scheduling", "hardworking", "positive attitude", "Positive Can-do Attitude"]', '', '159102d11bba601fbe8448962b962bfe', 'all', '2026-03-24T05:25:41.423642')]
(Background on this error at: https://sqlalche.me/e/20/gkpj)
05:25:43 [INFO] [MCF] Searching for '' (limit=100, page=22)...
05:25:44 [INFO] [MCF] Got 100 results (total: 90732)
05:25:44 [ERROR] [MCF] Page 22 failed: (sqlite3.IntegrityError) UNIQUE constraint failed: scraped_jobs.dedup_key
[SQL: INSERT INTO scraped_jobs (title, company, location, salary, source, url, posted_date, employment_type, seniority, description, skills, agency, dedup_key, search_keyword, scraped_at) VALUES (?, ?, ?, ?, ?, ?, ?, ?, ?, ?, ?, ?, ?, ?, ?) RETURNING id]
[parameters: ('6723 - Service & Parts Sales Engineer | E-Mobility | Redhill | Field-Based', 'THE SUPREME HR ADVISORY PTE. LTD.', 'SHENTON HOUSE', '$4,000 - $5,000', 'MyCareersFuture', 'https://www.mycareersfuture.gov.sg/job/4009c28bea0d21f0a30f8a6368abeed6', '2026-03-23', '', 'Executive', 'Service & Sales Engineer Location: Redhill Reporting To: Local Division Director Working Hours: Monday to Thursday (in office), Friday (work from hom ... (1543 characters truncated) ... to: +65 9642 0989 (Han) 📧 Or email your resume to: supreme.cc.han@gmail.com 👤Chaw Chiaw Han | R22106723🏢 The Supreme HR Advisory Pte Ltd | EA 14C7279', '["Test Equipment", "Troubleshooting", "Construction", "Performance Reporting", "Diagnostics", "out-of-hours support", "phone requests", "Electrical", "Customer Satisfaction", "COM", "Commissioning", "Mechanical Engineering", "Electrical Troubleshooting", "Technical Support"]', '', 'd7caaf51684142e7dff1728c7f911821', 'all', '2026-03-24T05:25:44.800989')]
(Background on this error at: https://sqlalche.me/e/20/gkpj)
05:25:46 [INFO] [MCF] Searching for '' (limit=100, page=23)...
05:25:47 [INFO] [MCF] Got 100 results (total: 90732)
05:25:47 [ERROR] [MCF] Page 23 failed: (sqlite3.IntegrityError) UNIQUE constraint failed: scraped_jobs.dedup_key
[SQL: INSERT INTO scraped_jobs (title, company, location, salary, source, url, posted_date, employment_type, seniority, description, skills, agency, dedup_key, search_keyword, scraped_at) VALUES (?, ?, ?, ?, ?, ?, ?, ?, ?, ?, ?, ?, ?, ?, ?) RETURNING id]
[parameters: ('CHEF', 'RAFFLES EMPLOYMENT PTE. LTD.', 'Singapore', '$3,200 - $4,800', 'MyCareersFuture', 'https://www.mycareersfuture.gov.sg/job/b6658103e5dc12f8b1de6aa8680f8147', '2026-03-23', '', 'Non-executive', 'Job Responsibilities: Prepare and cook assigned dishes for serving according to the menu Keep kitchen area, processing equipment, and cooking utensil ... (664 characters truncated) ... tive working attitude Able to work at a fast pace environment Able to work on public holidays and weekends. Able to work night shift and split shift.', '["Recipes", "Food", "Ingredients", "Able To Multitask", "cooking skills", "Food Safety", "Cooking", "Serve food", "Food Quality", "food intake", "Sanitation", "Food Retail", "Food & Beverage", "food sales", "Team Player", "Food Service"]', '', 'ac2ca819f816dab382201453a8e02b4f', 'all', '2026-03-24T05:25:47.676093')]
(Background on this error at: https://sqlalche.me/e/20/gkpj)
05:25:49 [INFO] [MCF] Searching for '' (limit=100, page=24)...
05:25:50 [INFO] [MCF] Got 100 results (total: 90732)
05:25:50 [ERROR] [MCF] Page 24 failed: (sqlite3.IntegrityError) UNIQUE constraint failed: scraped_jobs.dedup_key
[SQL: INSERT INTO scraped_jobs (title, company, location, salary, source, url, posted_date, employment_type, seniority, description, skills, agency, dedup_key, search_keyword, scraped_at) VALUES (?, ?, ?, ?, ?, ?, ?, ?, ?, ?, ?, ?, ?, ?, ?) RETURNING id]
[parameters: ('*Urgent* 6 Months Contract Remittance Processing Executive - Central ( $2500-$3600) #NJE', 'RECRUIT EXPRESS PTE LTD', 'Singapore', '$2,500 - $3,600', 'MyCareersFuture', 'https://www.mycareersfuture.gov.sg/job/cae88164803f908be0ff97a3ce12528d', '2026-03-23', '', 'Executive', 'Processing of remittance, funds transfer instructions etc received from over the counter, mailboxes etc. Perform end of day balancing. Provide feedba ... (292 characters truncated) ... rvice lapse etc Other duties assigned by Supervisor Joy Yeow Zhi Qian (CEI Registration No: R2096261) Recruit Express Pte Ltd (EA Licence No: 99C4599', '["Currency", "Cash remittance", "Banking Operations", "Payroll", "MS Word", "Compliance", "Remittance advice", "Deposits", "Banking", "Remittances", "Customer Service"]', '', '18714283a83a93ccf56dff0c87026abf', 'all', '2026-03-24T05:25:50.632938')]
(Background on this error at: https://sqlalche.me/e/20/gkpj)
05:25:52 [INFO] [MCF] Searching for '' (limit=100, page=25)...
05:25:53 [INFO] [MCF] Got 100 results (total: 90732)
05:25:53 [ERROR] [MCF] Page 25 failed: (sqlite3.IntegrityError) UNIQUE constraint failed: scraped_jobs.dedup_key
[SQL: INSERT INTO scraped_jobs (title, company, location, salary, source, url, posted_date, employment_type, seniority, description, skills, agency, dedup_key, search_keyword, scraped_at) VALUES (?, ?, ?, ?, ?, ?, ?, ?, ?, ?, ?, ?, ?, ?, ?) RETURNING id]
[parameters: ('CONSTRUCTION SUPERVISOR', 'M WANG CONSTRUCTION PTE. LTD.', 'Singapore', '$3,300 - $3,500', 'MyCareersFuture', 'https://www.mycareersfuture.gov.sg/job/74bccc823f3c41929b190137f99f8581', '2026-03-23', '', 'Middle Management', 'Ensuring teams work together to deliver quality work to strict deadlines. Monitoring construction processes, and providing training and team building ... (699 characters truncated) ... mended. Excellent written and verbal communication skills. Ability to focus and keep calm under pressure. Ability to keep track of multiple projects.', '["Leadership", "Materials", "Managing Deadlines", "Stay Calm Under Pressure", "construction industry", "Project Planning", "Written Communication", "Budget", "Construction Safety", "Management", "Training Delivery"]', '', '6570ff928f4a93d3f633a570d437da2e', 'all', '2026-03-24T05:25:53.965075')]
(Background on this error at: https://sqlalche.me/e/20/gkpj)
05:25:55 [INFO] [MCF] Searching for '' (limit=100, page=26)...
05:25:57 [INFO] [MCF] Got 100 results (total: 90732)
05:25:57 [ERROR] [MCF] Page 26 failed: (sqlite3.IntegrityError) UNIQUE constraint failed: scraped_jobs.dedup_key
[SQL: INSERT INTO scraped_jobs (title, company, location, salary, source, url, posted_date, employment_type, seniority, description, skills, agency, dedup_key, search_keyword, scraped_at) VALUES (?, ?, ?, ?, ?, ?, ?, ?, ?, ?, ?, ?, ?, ?, ?) RETURNING id]
[parameters: ('LOGISTICS MANAGER', 'SINGJOB INTERNATIONAL PTE. LTD.', 'NORTH SPRING BIZHUB', '$5,000 - $9,999', 'MyCareersFuture', 'https://www.mycareersfuture.gov.sg/job/057c441644093f5391640045e9d86a75', '2026-03-23', '', 'Manager', '1. Singapore citizens or Singapore PR will be given priority. 2. Preference will be given to those with work experience in LOGISTICS MANAGER related  ... (373 characters truncated) ... il your resume at singjob@outlook.com or contact us at +65 86969408. Singjob International Pte Ltd | Rainobw Deng | R1871429 | EA License No. 18C9193', '["Warehousing", "Ability To Work Under Pressure", "Microsoft Excel", "Warehouse Management", "3PL", "Housekeeping", "Unloading", "Operations Manageme ... (88 characters truncated) ... ent", "Transportation", "customer visits", "Customer Oriented", "Supply Chain Management", "Industrial Relations", "Shipping", "Web Site Production"]', '', '2a65ecff8275eff689871afedaa47ede', 'all', '2026-03-24T05:25:57.217533')]
(Background on this error at: https://sqlalche.me/e/20/gkpj)
05:25:59 [INFO] [MCF] Searching for '' (limit=100, page=27)...
05:26:00 [INFO] [MCF] Got 100 results (total: 90732)
05:26:00 [ERROR] [MCF] Page 27 failed: (sqlite3.IntegrityError) UNIQUE constraint failed: scraped_jobs.dedup_key
[SQL: INSERT INTO scraped_jobs (title, company, location, salary, source, url, posted_date, employment_type, seniority, description, skills, agency, dedup_key, search_keyword, scraped_at) VALUES (?, ?, ?, ?, ?, ?, ?, ?, ?, ?, ?, ?, ?, ?, ?) RETURNING id]
[parameters: ('SUPERVISOR', 'RSR ENGINEERING PTE. LTD.', 'VEERASAMY ROAD', '$3,500 - $4,500', 'MyCareersFuture', 'https://www.mycareersfuture.gov.sg/job/ebe830915b89eebd048121cedeac2c3e', '2026-03-23', '', 'Professional', 'To supervise and manage all related matters with regard to the day to day activities with the objective of meeting the schedule, quality, and safety  ... (1242 characters truncated) ... ng projects adhere to frameworks and all documentation is maintained appropriately for each project. Ad-hoc assignment as required by the management.', '["Negotiation", "Listening Skills", "Leadership", "Ingredients", "Construction", "Quality Control", "Housekeeping", "Inventory", "Sanitation", "Compliance", "Customer Satisfaction", "Customer Service", "Scheduling", "Timekeeping", "Ability To Learn"]', '', '536ef44dec9ffe2ab1b2b5d3f84b39e6', 'all', '2026-03-24T05:26:00.035237')]
(Background on this error at: https://sqlalche.me/e/20/gkpj)
05:26:02 [INFO] [MCF] Searching for '' (limit=100, page=28)...
05:26:03 [INFO] [MCF] Got 100 results (total: 90732)
05:26:03 [ERROR] [MCF] Page 28 failed: (sqlite3.IntegrityError) UNIQUE constraint failed: scraped_jobs.dedup_key
[SQL: INSERT INTO scraped_jobs (title, company, location, salary, source, url, posted_date, employment_type, seniority, description, skills, agency, dedup_key, search_keyword, scraped_at) VALUES (?, ?, ?, ?, ?, ?, ?, ?, ?, ?, ?, ?, ?, ?, ?) RETURNING id]
[parameters: ('Business Development Executive (Travel Opportunities + Career Progression)', 'ROYAL ORG PTE. LTD.', 'BOAT QUAY', '$3,200 - $4,800', 'MyCareersFuture', 'https://www.mycareersfuture.gov.sg/job/c600895d7a691a8455923482a6655f9e', '2026-03-23', '', 'Executive', "At Royal Organisation, we believe our people are the key to success. We support every individual through growth opportunities, teamwork, and strong l ... (850 characters truncated) ... r growth paths Exposure to different industries and brands Supportive and dynamic team environment Candidates without experience are welcome to apply", '["Negotiation", "Market Research", "Account Management", "Leadership", "Microsoft Excel", "Interpersonal Skills", "Customer Relationships", "Selling", "Marketing", "Mentorship", "B2B", "Networking", "Team Player", "Business Development", "Brand Awareness"]', '', 'f5e1f2a6bff99dbe9a4f3f5b77d5be08', 'all', '2026-03-24T05:26:03.773411')]
(Background on this error at: https://sqlalche.me/e/20/gkpj)
05:26:05 [INFO] [MCF] Searching for '' (limit=100, page=29)...
05:26:06 [INFO] [MCF] Got 100 results (total: 90732)
05:26:06 [INFO] [MCF] Page 29: 100 jobs (total new: 2651, updated: 349)
05:26:07 [INFO] [MCF] Searching for '' (limit=100, page=30)...
05:26:08 [INFO] [MCF] Got 100 results (total: 90732)
05:26:08 [INFO] [MCF] Page 30: 100 jobs (total new: 2742, updated: 358)
05:26:08 [INFO] [MCF] Searching for '' (limit=100, page=31)...
05:26:09 [INFO] [MCF] Got 100 results (total: 90732)
05:26:09 [ERROR] [MCF] Page 31 failed: (sqlite3.IntegrityError) UNIQUE constraint failed: scraped_jobs.dedup_key
[SQL: INSERT INTO scraped_jobs (title, company, location, salary, source, url, posted_date, employment_type, seniority, description, skills, agency, dedup_key, search_keyword, scraped_at) VALUES (?, ?, ?, ?, ?, ?, ?, ?, ?, ?, ?, ?, ?, ?, ?) RETURNING id]
[parameters: ('FLOOR TILER', 'UNITED HR ASIA PTE. LTD.', 'WCEGA PLAZA', '$3,300 - $4,800', 'MyCareersFuture', 'https://www.mycareersfuture.gov.sg/job/034b9b572bae4fcab4dcf7caf8490672', '2026-03-23', '', 'Executive', '• Cut tiles and shape them properly to ensure they fit around obstacles and in tight corners and odd spaces using power and hand tools. • Form tile b ... (669 characters truncated) ...  sure not to break or damage tiles Follow blueprints precisely and mark and measure surfaces that need to be tiled to determine how to go about jobs.', '["Glueing", "Flooring", "Clean Rooms", "Cement", "Granite", "Sanitation", "Tiling", "Inventory Management", "Cashiering", "Restaurant Operation"]', '', 'c26c3717337fa331b4ae7f1e24c10c56', 'all', '2026-03-24T05:26:09.943232')]
(Background on this error at: https://sqlalche.me/e/20/gkpj)
05:26:12 [INFO] [MCF] Searching for '' (limit=100, page=32)...
05:26:13 [INFO] [MCF] Got 100 results (total: 90732)
05:26:13 [ERROR] [MCF] Page 32 failed: (sqlite3.IntegrityError) UNIQUE constraint failed: scraped_jobs.dedup_key
[SQL: INSERT INTO scraped_jobs (title, company, location, salary, source, url, posted_date, employment_type, seniority, description, skills, agency, dedup_key, search_keyword, scraped_at) VALUES (?, ?, ?, ?, ?, ?, ?, ?, ?, ?, ?, ?, ?, ?, ?) RETURNING id]
[parameters: ('REINFORCING IRON WORKER', 'UNITED HR ASIA PTE. LTD.', 'PIONEER CENTRE', '$3,300 - $4,800', 'MyCareersFuture', 'https://www.mycareersfuture.gov.sg/job/667d3db9d29a5ee1d6ab8097732fe9ed', '2026-03-23', '', 'Executive', '• Reading blueprints or looking at sketches to determine how to install rebar or mesh • Figuring out the quantity, size, and shapes of reinforcing ro ... (168 characters truncated) ... lling cables • Using pliers to tie wire around rods to fasten them together • Positioning and securing rods, cables, mesh, or rebar in concrete forms', '["Cables", "Tube Bending", "Cable installations", "Millwork", "Wireless Mesh", "Welding", "SMALL", "Rebar", "Metalworking", "Quantity Demanded", "Blueprint Reading", "Ironing", "Iron Ore"]', '', '249c91738f3c8635cc3d0bd33498d934', 'all', '2026-03-24T05:26:13.234251')]
(Background on this error at: https://sqlalche.me/e/20/gkpj)
05:26:15 [INFO] [MCF] Searching for '' (limit=100, page=33)...
05:26:16 [INFO] [MCF] Got 100 results (total: 90732)
05:26:16 [ERROR] [MCF] Page 33 failed: (sqlite3.IntegrityError) UNIQUE constraint failed: scraped_jobs.dedup_key
[SQL: INSERT INTO scraped_jobs (title, company, location, salary, source, url, posted_date, employment_type, seniority, description, skills, agency, dedup_key, search_keyword, scraped_at) VALUES (?, ?, ?, ?, ?, ?, ?, ?, ?, ?, ?, ?, ?, ?, ?) RETURNING id]
[parameters: ('REINFORCING IRON WORKER', 'UNITED HR ASIA PTE. LTD.', 'TUAS AVENUE 14', '$3,300 - $4,800', 'MyCareersFuture', 'https://www.mycareersfuture.gov.sg/job/64a8ff9b6b4e4ed34f3cf6d6e4795bc9', '2026-03-23', '', 'Executive', '• Reading blueprints or looking at sketches to determine how to install rebar or mesh • Figuring out the quantity, size, and shapes of reinforcing ro ... (168 characters truncated) ... lling cables • Using pliers to tie wire around rods to fasten them together • Positioning and securing rods, cables, mesh, or rebar in concrete forms', '["Cables", "Tube Bending", "Cable installations", "Millwork", "Wireless Mesh", "Welding", "SMALL", "Rebar", "Metalworking", "Quantity Demanded", "Blueprint Reading", "Ironing", "Iron Ore"]', '', '249c91738f3c8635cc3d0bd33498d934', 'all', '2026-03-24T05:26:16.570802')]
(Background on this error at: https://sqlalche.me/e/20/gkpj)
05:26:18 [INFO] [MCF] Searching for '' (limit=100, page=34)...
05:26:20 [INFO] [MCF] Got 100 results (total: 90732)
05:26:20 [INFO] [MCF] Page 34: 100 jobs (total new: 3112, updated: 388)
05:26:20 [INFO] [MCF] Searching for '' (limit=100, page=35)...
05:26:21 [INFO] [MCF] Got 100 results (total: 90732)
05:26:21 [ERROR] [MCF] Page 35 failed: (sqlite3.IntegrityError) UNIQUE constraint failed: scraped_jobs.dedup_key
[SQL: INSERT INTO scraped_jobs (title, company, location, salary, source, url, posted_date, employment_type, seniority, description, skills, agency, dedup_key, search_keyword, scraped_at) VALUES (?, ?, ?, ?, ?, ?, ?, ?, ?, ?, ?, ?, ?, ?, ?) RETURNING id]
[parameters: ('Sales & Marketing (Travelling Opportunities)', 'J&N VENTURES', 'Singapore', '$3,500 - $4,500', 'MyCareersFuture', 'https://www.mycareersfuture.gov.sg/job/9648ea4b2734435fbf66617b537425f6', '2026-03-23', '', 'Fresh/entry level', '✈️ Want a Career That Lets You Travel, Grow, and Earn All at Once? If you’re the kind of person who loves new experiences, wants to grow fast, and ha ... (1385 characters truncated) ... portunity to build yourself, grow fast, travel more, and earn along the way. If you’re excited by the unknown and ready for change — click Apply Now.', '["Communication", "Leadership", "leadership role", "Brand Communication", "Customer Engagement", "Soft Skills", "Marketing", "Mentorship", "Brand Development", "development of soft skills", "leadership skills"]', '', '7d8098e7a323991b36b1c65d61484197', 'all', '2026-03-24T05:26:21.442823')]
(Background on this error at: https://sqlalche.me/e/20/gkpj)
05:26:23 [INFO] [MCF] Searching for '' (limit=100, page=36)...
05:26:24 [INFO] [MCF] Got 100 results (total: 90732)
05:26:24 [INFO] [MCF] Page 36: 100 jobs (total new: 3305, updated: 395)
05:26:25 [INFO] [MCF] Searching for '' (limit=100, page=37)...
05:26:26 [INFO] [MCF] Got 100 results (total: 90732)
05:26:26 [ERROR] [MCF] Page 37 failed: (sqlite3.IntegrityError) UNIQUE constraint failed: scraped_jobs.dedup_key
[SQL: INSERT INTO scraped_jobs (title, company, location, salary, source, url, posted_date, employment_type, seniority, description, skills, agency, dedup_key, search_keyword, scraped_at) VALUES (?, ?, ?, ?, ?, ?, ?, ?, ?, ?, ?, ?, ?, ?, ?) RETURNING id]
[parameters: ('Trainer with Travel opportunities', 'ROYAL ORG PTE. LTD.', 'BOAT QUAY', '$1,000 - $4,000', 'MyCareersFuture', 'https://www.mycareersfuture.gov.sg/job/a0eb149c0996276c90a9a39b0563e413', '2026-03-23', '', 'Fresh/entry level', '🚀 WE’RE HIRING SALES & MARKETING We’re looking for people who are driven, open to learning, and ready to build something long-term. Experience is not ... (518 characters truncated) ... ssion • Opportunities for local and overseas exposure 📩 Interested? Send in your resume and apply now. Only shortlisted candidates will be contacted.', '["Sales", "Leadership", "Able To Multitask", "Highly responsible", "Responsible for a team", "Risk Management", "Marketing", "Compliance", "Creative Branding", "Communication Skills", "Team Player", "Business Development"]', '', 'fe81893d0eb5aa64dc7949bd0cf92799', 'all', '2026-03-24T05:26:26.394066')]
(Background on this error at: https://sqlalche.me/e/20/gkpj)
05:26:28 [INFO] [MCF] Searching for '' (limit=100, page=38)...
05:26:29 [INFO] [MCF] Got 100 results (total: 90732)
05:26:29 [INFO] [MCF] Page 38: 100 jobs (total new: 3501, updated: 399)
05:26:30 [INFO] [MCF] Searching for '' (limit=100, page=39)...
05:26:31 [INFO] [MCF] Got 100 results (total: 90732)
05:26:31 [INFO] [MCF] Page 39: 100 jobs (total new: 3600, updated: 400)
05:26:31 [INFO] [MCF] Searching for '' (limit=100, page=40)...
05:26:32 [INFO] [MCF] Got 100 results (total: 90732)
05:26:32 [ERROR] [MCF] Page 40 failed: (sqlite3.IntegrityError) UNIQUE constraint failed: scraped_jobs.dedup_key
[SQL: INSERT INTO scraped_jobs (title, company, location, salary, source, url, posted_date, employment_type, seniority, description, skills, agency, dedup_key, search_keyword, scraped_at) VALUES (?, ?, ?, ?, ?, ?, ?, ?, ?, ?, ?, ?, ?, ?, ?) RETURNING id]
[parameters: ('Dental Assistant (Central)', 'SEARCH AVENUE PRIVATE LIMITED', 'RUBY WAREHOUSE COMPLEX', '$2,200 - $2,900', 'MyCareersFuture', 'https://www.mycareersfuture.gov.sg/job/7f003663fcbe46ea2a14889f553c42ec', '2026-03-23', '', 'Fresh/entry level', '📍 Location: Clarke Quay 🕒 Work Hours: 5.5 days work week (Mon-Fri 9am-6pm, Sat 9am-1pm) 💰 Salary: Up to $2,900 Job Scope: Assist the dentist during t ... (574 characters truncated) ... OW to submit your latest CV. We regret that only shortlisted candidates will be notified. SAAY EA Registration No.: R25139436 EA License No.: 25C2695', '["Dentistry", "Housekeeping", "Treatment", "Inventory", "Healthcare", "Dental Care", "Dental Assisting", "Casting", "Team Player", "Customer Service", "Laboratory"]', '', '415c52dab2941afa1343d1c4451e5fc4', 'all', '2026-03-24T05:26:32.946800')]
(Background on this error at: https://sqlalche.me/e/20/gkpj)
05:26:34 [INFO] [MCF] Searching for '' (limit=100, page=41)...
05:26:35 [INFO] [MCF] Got 100 results (total: 90732)
05:26:36 [ERROR] [MCF] Page 41 failed: (sqlite3.IntegrityError) UNIQUE constraint failed: scraped_jobs.dedup_key
[SQL: INSERT INTO scraped_jobs (title, company, location, salary, source, url, posted_date, employment_type, seniority, description, skills, agency, dedup_key, search_keyword, scraped_at) VALUES (?, ?, ?, ?, ?, ?, ?, ?, ?, ?, ?, ?, ?, ?, ?) RETURNING id]
[parameters: ('IMMEDIATE Brand Crew/Promoter !!! ✨', 'REZOLUTE GLOBALZ', 'Singapore', '$3,400 - $3,600', 'MyCareersFuture', 'https://www.mycareersfuture.gov.sg/job/88d4522cf5a637b86f3f2dbfca7d5010', '2026-03-23', '', 'Fresh/entry level', 'Brand Promoting Crew – Be the Voice, Vibe & Vision of Our Events! ✨ IMMEDIATE HIRING!! Attractive weekly pay: $600-$1000 Work Schedule: 5-5.5 days pe ... (902 characters truncated) ... prove future events and campaigns Who You Are: Join us and turn every event into a story worth sharing — where your creativity brings brands to life.', '["Ability to Multitask", "Management Skills", "Leadership", "Ability To Work Independently", "Interpersonal Skills", "Problem Solving", "Administrati ... (111 characters truncated) ...  to Detail", "Communication Skills", "Customer Satisfaction", "Team Leader", "Team Player", "Human Resources", "Customer Service", "Brand Awareness"]', '', '13d38fd12d6b316b6ccf88c1a1aeaa0f', 'all', '2026-03-24T05:26:35.976362')]
(Background on this error at: https://sqlalche.me/e/20/gkpj)
05:26:38 [INFO] [MCF] Searching for '' (limit=100, page=42)...
05:26:38 [INFO] [MCF] Got 100 results (total: 90732)
05:26:38 [ERROR] [MCF] Page 42 failed: (sqlite3.IntegrityError) UNIQUE constraint failed: scraped_jobs.dedup_key
[SQL: INSERT INTO scraped_jobs (title, company, location, salary, source, url, posted_date, employment_type, seniority, description, skills, agency, dedup_key, search_keyword, scraped_at) VALUES (?, ?, ?, ?, ?, ?, ?, ?, ?, ?, ?, ?, ?, ?, ?) RETURNING id]
[parameters: ('Part-time Personal Assistant', 'HOLISTIC VITALITY INTERNATIONAL PTE. LTD.', 'Singapore', '$2,000 - $3,000', 'MyCareersFuture', 'https://www.mycareersfuture.gov.sg/job/4d13e2ba86d7750ea56d924517d1c7d2', '2026-03-23', '', 'Fresh/entry level', 'URGENT Part-Time Personal Assistant - Flexible hours - Commitment of 3 days a week – $12/hr (Office) - $10/hr (WFH) Responsibilities: • Maintain and  ... (615 characters truncated) ... ble • Proficient in MS Office Opportunities of career progression to explore other roles. We regret that only shortlisted candidate will be notified.', '["Ability to Multitask", "Childcare", "Healthcare Industry", "Microsoft PowerPoint", "Microsoft Excel", "Teaching", "Travel Arrangements", "Interpers ... (86 characters truncated) ... ", "Good Communication Skills", "Communication Skills", "Administrative Support", "Team Player", "Ambulance", "Directing", "Retirement", "Home Care"]', '', '26c841b9a3bb61a7466c3dbee7fbd21e', 'all', '2026-03-24T05:26:38.775453')]
(Background on this error at: https://sqlalche.me/e/20/gkpj)
05:26:40 [INFO] [MCF] Searching for '' (limit=100, page=43)...
05:26:41 [INFO] [MCF] Got 100 results (total: 90732)
05:26:41 [INFO] [MCF] Page 43: 100 jobs (total new: 3988, updated: 412)
05:26:42 [INFO] [MCF] Searching for '' (limit=100, page=44)...
05:26:43 [INFO] [MCF] Got 100 results (total: 90732)
05:26:43 [INFO] [MCF] Page 44: 100 jobs (total new: 4086, updated: 414)
05:26:43 [INFO] [MCF] Searching for '' (limit=100, page=45)...
05:26:45 [INFO] [MCF] Got 100 results (total: 90732)
05:26:45 [INFO] [MCF] Page 45: 100 jobs (total new: 4182, updated: 418)
05:26:45 [INFO] [MCF] Searching for '' (limit=100, page=46)...
05:26:47 [INFO] [MCF] Got 100 results (total: 90732)
05:26:47 [ERROR] [MCF] Page 46 failed: (sqlite3.IntegrityError) UNIQUE constraint failed: scraped_jobs.dedup_key
[SQL: INSERT INTO scraped_jobs (title, company, location, salary, source, url, posted_date, employment_type, seniority, description, skills, agency, dedup_key, search_keyword, scraped_at) VALUES (?, ?, ?, ?, ?, ?, ?, ?, ?, ?, ?, ?, ?, ?, ?) RETURNING id]
[parameters: ('Events Fun Crew !!! ✨', 'REZOLUTE GLOBALZ', 'Singapore', '$3,400 - $3,600', 'MyCareersFuture', 'https://www.mycareersfuture.gov.sg/job/c8019f73504e117494bcda71f4403d9e', '2026-03-23', '', 'Fresh/entry level', "🌟 Events Fun Crew – Be the Voice, Vibe & Vision of Our Events! 🌟 While we've seen the rise of online platforms as companies in every sector move towa ... (1525 characters truncated) ... prove future events and campaigns Who You Are: Join us and turn every event into a story worth sharing — where your creativity brings brands to life.", '["Ability to Multitask", "Management Skills", "Leadership", "Ability To Work Independently", "Interpersonal Skills", "Problem Solving", "Administrati ... (111 characters truncated) ...  to Detail", "Communication Skills", "Customer Satisfaction", "Team Leader", "Team Player", "Human Resources", "Customer Service", "Brand Awareness"]', '', 'e293b5f2acfa654aaa82807c74b8f082', 'all', '2026-03-24T05:26:47.024172')]
(Background on this error at: https://sqlalche.me/e/20/gkpj)
05:26:49 [INFO] [MCF] Searching for '' (limit=100, page=47)...
05:26:50 [INFO] [MCF] Got 100 results (total: 90732)
05:26:50 [ERROR] [MCF] Page 47 failed: (sqlite3.IntegrityError) UNIQUE constraint failed: scraped_jobs.dedup_key
[SQL: INSERT INTO scraped_jobs (title, company, location, salary, source, url, posted_date, employment_type, seniority, description, skills, agency, dedup_key, search_keyword, scraped_at) VALUES (?, ?, ?, ?, ?, ?, ?, ?, ?, ?, ?, ?, ?, ?, ?) RETURNING id]
[parameters: ('Pest Control Technician cum Driver/ Rider', '1800NOPESTS PTE. LTD.', 'TAMPINES INDUSTRIAL PARK A', '$2,200 - $3,500', 'MyCareersFuture', 'https://www.mycareersfuture.gov.sg/job/4bb27cd604f9a1d01e7c41fea2a02420', '2026-03-23', '', 'Non-executive', 'Roles & Responsibilities We are a fast-growing Pests Control, Sanitation & Wildlife Management Company that offers Attractive Remuneration Packages t ... (1012 characters truncated) ...  petrol and season parking. Interested candidates, please call us at 6244 6926 for a face to face Interview or submit your full resumes online to us.', '["Class 3 License", "Childcare", "Troubleshooting", "Workplace Safety", "Treatment", "Inventory", "Property", "Sanitation", "Wildlife Management", "Physically Fit", "Driving License", "Class 3 Driving License", "Team Player", "Customer Service", "Field Work"]', '', 'e25b08b6887b9c3ab9d814b48d6e308d', 'all', '2026-03-24T05:26:50.360898')]
(Background on this error at: https://sqlalche.me/e/20/gkpj)
05:26:52 [INFO] [MCF] Searching for '' (limit=100, page=48)...
05:26:52 [INFO] [MCF] Got 100 results (total: 90732)
05:26:52 [ERROR] [MCF] Page 48 failed: (sqlite3.IntegrityError) UNIQUE constraint failed: scraped_jobs.dedup_key
[SQL: INSERT INTO scraped_jobs (title, company, location, salary, source, url, posted_date, employment_type, seniority, description, skills, agency, dedup_key, search_keyword, scraped_at) VALUES (?, ?, ?, ?, ?, ?, ?, ?, ?, ?, ?, ?, ?, ?, ?) RETURNING id]
[parameters: ('SITE ENGINEER', 'MANITUDE INTERNATIONAL CONSULTANCIES PTE. LTD.', 'TUAS SOUTH LINK 2', '$3,500 - $4,500', 'MyCareersFuture', 'https://www.mycareersfuture.gov.sg/job/011e7b8ced70a0234509c7f20527bd1a', '2026-03-22', '', 'Manager', 'Developing detailed designs Doing feasibility assessments and site inspections Preparation and implementation of project plans Researching and provid ... (339 characters truncated) ... g, managing budgets, resources, deadlines: acquiring and compiling quotes, etc) Competent ability in English Can work on weekends and public holidays', '["Site Inspections", "Microsoft Office", "Construction Management", "Quality Control", "Regulatory Compliance", "Managing Deadlines", "Site Engineeri ... (48 characters truncated) ... g Budgets", "Client Liaison", "Project Management", "Information Resources", "Project Estimation", "safety procedures", "Scheduling", "Cost Control"]', '', '54f23325424fb3581205a7a62212214f', 'all', '2026-03-24T05:26:52.485233')]
(Background on this error at: https://sqlalche.me/e/20/gkpj)
05:26:54 [INFO] [MCF] Searching for '' (limit=100, page=49)...
05:26:59 [INFO] [MCF] Got 100 results (total: 90732)
05:26:59 [ERROR] [MCF] Page 49 failed: (sqlite3.IntegrityError) UNIQUE constraint failed: scraped_jobs.dedup_key
[SQL: INSERT INTO scraped_jobs (title, company, location, salary, source, url, posted_date, employment_type, seniority, description, skills, agency, dedup_key, search_keyword, scraped_at) VALUES (?, ?, ?, ?, ?, ?, ?, ?, ?, ?, ?, ?, ?, ?, ?) RETURNING id]
[parameters: ('MARKETING & SALES (Clear Career Advancement)', 'SIMPLE RECRUIT', 'BOAT QUAY', '$3,000 - $5,000', 'MyCareersFuture', 'https://www.mycareersfuture.gov.sg/job/90744c90b87925943eb5be9deaf78178', '2026-03-22', '', 'Fresh/entry level', 'Looking for a career switch? Tired of boring work environments? Craving for personal development? Look no further because WE ARE RECRUITING ! Require ... (585 characters truncated) ... for? Send in your resume to us by clicking APPLY NOW . We will bring you along for a GREATER ADVENTURE! Only shortlisted candidates will be notified.', '["Management Skills", "Sales", "Leadership", "Recruiting", "Mentorship", "Product Management", "Communication Skills", "Presentation Skills", "Team Player", "Personal Development"]', '', '294be6ba98a641a9f324a1c22a3353dc', 'all', '2026-03-24T05:26:59.457805')]
(Background on this error at: https://sqlalche.me/e/20/gkpj)
05:27:01 [INFO] [MCF] Searching for '' (limit=100, page=50)...
05:27:02 [INFO] [MCF] Got 100 results (total: 90732)
05:27:02 [ERROR] [MCF] Page 50 failed: (sqlite3.IntegrityError) UNIQUE constraint failed: scraped_jobs.dedup_key
[SQL: INSERT INTO scraped_jobs (title, company, location, salary, source, url, posted_date, employment_type, seniority, description, skills, agency, dedup_key, search_keyword, scraped_at) VALUES (?, ?, ?, ?, ?, ?, ?, ?, ?, ?, ?, ?, ?, ?, ?) RETURNING id]
[parameters: ('Event and Marketing (Entry Level)', 'MYTHIC VISION', 'YISHUN STREET 61', '$3,200 - $4,000', 'MyCareersFuture', 'https://www.mycareersfuture.gov.sg/job/38fe9e35a9de3cfa3a727f47751cd932', '2026-03-22', '', 'Fresh/entry level', 'If you’re a self-driven, outgoing and sharp… We want you!! Our organisation is looking for the next talent to develop in our industry to lead and man ... (347 characters truncated) ...  have: - Keen learning attitude - Team player - Not afraid to make mistakes We regret to inform you that only shortlisted candidate will be notified.', '["Coaching", "Sales", "Leadership", "Interpersonal Skills", "Marketing", "Strategy", "Mentorship", "Customer Acquisition", "Team Player", "Customer Service"]', '', '47f789c91f91602b7edfa31b00e87d28', 'all', '2026-03-24T05:27:02.330954')]
(Background on this error at: https://sqlalche.me/e/20/gkpj)
05:27:04 [INFO] [MCF] Searching for '' (limit=100, page=51)...
05:27:05 [INFO] [MCF] Got 100 results (total: 90732)
05:27:05 [ERROR] [MCF] Page 51 failed: (sqlite3.IntegrityError) UNIQUE constraint failed: scraped_jobs.dedup_key
[SQL: INSERT INTO scraped_jobs (title, company, location, salary, source, url, posted_date, employment_type, seniority, description, skills, agency, dedup_key, search_keyword, scraped_at) VALUES (?, ?, ?, ?, ?, ?, ?, ?, ?, ?, ?, ?, ?, ?, ?) RETURNING id]
[parameters: ('Cook', 'DAEHWA FOOD PRIVATE LIMITED', 'Fusionopolis Place', '$2,000 - $4,000', 'MyCareersFuture', 'https://www.mycareersfuture.gov.sg/job/5d25862d36d96710913597dbaf89dc3d', '2026-03-22', '', 'Non-executive', '• Willing to learn and enthusiastic about all work • Assist in back and front of the house operations • Maintain kitchen’s cleanliness • Kitchen’s op ... (243 characters truncated) ...  have a heart to learn. Location: one-north/Taiseng We thank you for your application but we regret that only shortlisted candidate will be notified.', '["Recipes", "Able To Multitask", "Food Safety", "Cooking", "Food Quality", "Sanitation", "Cutting Tools", "Assembling", "Resource Management", "Food Service"]', '', '1be8623a8fc32d51baf2927ada3ee430', 'all', '2026-03-24T05:27:05.594074')]
(Background on this error at: https://sqlalche.me/e/20/gkpj)
05:27:07 [INFO] [MCF] Searching for '' (limit=100, page=52)...
05:27:08 [INFO] [MCF] Got 100 results (total: 90732)
05:27:08 [ERROR] [MCF] Page 52 failed: (sqlite3.IntegrityError) UNIQUE constraint failed: scraped_jobs.dedup_key
[SQL: INSERT INTO scraped_jobs (title, company, location, salary, source, url, posted_date, employment_type, seniority, description, skills, agency, dedup_key, search_keyword, scraped_at) VALUES (?, ?, ?, ?, ?, ?, ?, ?, ?, ?, ?, ?, ?, ?, ?) RETURNING id]
[parameters: ('GENERAL MANAGER', 'UNIFY RECRUITMENT PTE. LTD.', 'Singapore', '$5,000 - $8,000', 'MyCareersFuture', 'https://www.mycareersfuture.gov.sg/job/2ddd52b57500aa42ac8b11ae9f19f414', '2026-03-22', '', 'Manager', 'Job Summary The General Manager – Construction oversees the construction division’s operations, strategy, and performance. This role manages multiple ... (2071 characters truncated) ... luence project outcomes Proficiency in project management tools such as Primavera, MS Project, and ERP systems Other Information Work Type: Full Time', '["Project Bidding", "Supplier Relationship Management", "Mentoring", "Operational Efficiency", "environmental specifications", "General Management", "Safety", "High Performance Teams", "Resource Allocation", "Engineering", "Risk Mitigation", "Legal Compliance"]', '', 'f512388ecfc3647f3dd913938ef345de', 'all', '2026-03-24T05:27:08.314976')]
(Background on this error at: https://sqlalche.me/e/20/gkpj)
05:27:10 [INFO] [MCF] Searching for '' (limit=100, page=53)...
05:27:11 [INFO] [MCF] Got 100 results (total: 90732)
05:27:11 [ERROR] [MCF] Page 53 failed: (sqlite3.IntegrityError) UNIQUE constraint failed: scraped_jobs.dedup_key
[SQL: INSERT INTO scraped_jobs (title, company, location, salary, source, url, posted_date, employment_type, seniority, description, skills, agency, dedup_key, search_keyword, scraped_at) VALUES (?, ?, ?, ?, ?, ?, ?, ?, ?, ?, ?, ?, ?, ?, ?) RETURNING id]
[parameters: ('Event and Marketing (Entry Level)', 'MYTHIC VISION', 'YISHUN STREET 61', '$3,200 - $4,000', 'MyCareersFuture', 'https://www.mycareersfuture.gov.sg/job/8103ce42b56451cf59b85835ec07f76a', '2026-03-22', '', 'Fresh/entry level', 'If you’re outgoing, ambitious, and ready to grow — we’ve got a spot for you 👀 Your Mission: 🔥 Boost brand visibility 🔥 Engage customers face-to-face  ... (130 characters truncated) ... tive income We’re Looking For: ✔️ Curious minds ✔️ Team vibes ✔️ Brave enough to make mistakes & learn Only shortlisted candidates will be contacted.', '["Sales", "Leadership", "Problem Solving", "Marketing", "Mentorship", "Customer Acquisition", "Communication Skills", "Presentation Skills", "Team Player", "Customer Service"]', '', '47f789c91f91602b7edfa31b00e87d28', 'all', '2026-03-24T05:27:11.611983')]
(Background on this error at: https://sqlalche.me/e/20/gkpj)
05:27:13 [INFO] [MCF] Searching for '' (limit=100, page=54)...
05:27:14 [INFO] [MCF] Got 100 results (total: 90732)
05:27:14 [ERROR] [MCF] Page 54 failed: (sqlite3.IntegrityError) UNIQUE constraint failed: scraped_jobs.dedup_key
[SQL: INSERT INTO scraped_jobs (title, company, location, salary, source, url, posted_date, employment_type, seniority, description, skills, agency, dedup_key, search_keyword, scraped_at) VALUES (?, ?, ?, ?, ?, ?, ?, ?, ?, ?, ?, ?, ?, ?, ?) RETURNING id]
[parameters: ('TECHNICAL MANAGER (AIR-CONDITIONING)', 'VVV EMPLOYMENT AGENCY', 'YUNG HO ROAD', '$6,000 - $8,400', 'MyCareersFuture', 'https://www.mycareersfuture.gov.sg/job/7df0590d9c25d49b3396a858014471d4', '2026-03-22', '', 'Manager', 'Review electrical engineering drawings and refer issues requiring changes. Assign job tasks and work as per electrical project schedules. Review all  ... (343 characters truncated) ... assign, plan and supervise electrical shop personnel performance on different electrical projects. Plan and prepare work and equipment usage schedule', '["Technical Drawing", "Troubleshooting", "Quality Control", "work schedules", "Electrical", "Fabrication", "technical input", "Electrical Drawing", "technical files", "Scheduling", "technical issues"]', '', 'f11ddf9176fe114a44581712444a3acf', 'all', '2026-03-24T05:27:14.375405')]
(Background on this error at: https://sqlalche.me/e/20/gkpj)
05:27:16 [INFO] [MCF] Searching for '' (limit=100, page=55)...
05:27:17 [INFO] [MCF] Got 100 results (total: 90732)
05:27:17 [ERROR] [MCF] Page 55 failed: (sqlite3.IntegrityError) UNIQUE constraint failed: scraped_jobs.dedup_key
[SQL: INSERT INTO scraped_jobs (title, company, location, salary, source, url, posted_date, employment_type, seniority, description, skills, agency, dedup_key, search_keyword, scraped_at) VALUES (?, ?, ?, ?, ?, ?, ?, ?, ?, ?, ?, ?, ?, ?, ?) RETURNING id]
[parameters: ('Marketing Associate (Fast Career Growth)', 'ROYAL ORG PTE. LTD.', 'BOAT QUAY', '$3,600 - $4,800', 'MyCareersFuture', 'https://www.mycareersfuture.gov.sg/job/e84037d281171e71380f4fb8a28da929', '2026-03-22', '', 'Fresh/entry level', "Join us for a Career that's BOTH REWARDING & ADVENTUROUS! We’re looking for, ambitious, energetic individuals, who want more than just a job—we offer ... (396 characters truncated) ... itude Self-motivated go-getters Those eager to earn, learn, and achieve more! Apply NOW—spaces are limited! 📩Shortlisted candidates will be notified.", '["Coaching", "Ability to Multitask", "Communication", "Mentoring", "Leadership", "Advertising", "Interpersonal Skills", "Career Development", "having fun", "Team Coaching", "Team Player", "Brand Awareness"]', '', '94d393461dcf39add4f1322911c4572c', 'all', '2026-03-24T05:27:17.861426')]
(Background on this error at: https://sqlalche.me/e/20/gkpj)
05:27:19 [INFO] [MCF] Searching for '' (limit=100, page=56)...
05:27:20 [INFO] [MCF] Got 100 results (total: 90732)
05:27:20 [ERROR] [MCF] Page 56 failed: (sqlite3.IntegrityError) UNIQUE constraint failed: scraped_jobs.dedup_key
[SQL: INSERT INTO scraped_jobs (title, company, location, salary, source, url, posted_date, employment_type, seniority, description, skills, agency, dedup_key, search_keyword, scraped_at) VALUES (?, ?, ?, ?, ?, ?, ?, ?, ?, ?, ?, ?, ?, ?, ?) RETURNING id]
[parameters: ('(6mths Internship) Junior Marketing Associate', 'SAGE UNLIMITED', 'Singapore', '$2,500 - $3,000', 'MyCareersFuture', 'https://www.mycareersfuture.gov.sg/job/73571c4c990dc0437e30d42ccfa8dbe4', '2026-03-22', '', 'Fresh/entry level', 'About the Role: We’re seeking a proactive and energetic Marketing Intern to support our local marketing efforts through in-person activations, events ... (661 characters truncated) ... Networking opportunities with local businesses and marketing professionals. - Free gym membership - Overseas opportunities and development workshops.', '["Customer Relationships", "Marketing", "B2B Sales", "Adaptable", "Networking", "Communications", "Storytelling", "Team Work", "People Management", "Brand Awareness"]', '', '8840bd2e01b14418c15d907f1a8624f1', 'all', '2026-03-24T05:27:20.699153')]
(Background on this error at: https://sqlalche.me/e/20/gkpj)
05:27:22 [INFO] [MCF] Searching for '' (limit=100, page=57)...
05:27:24 [INFO] [MCF] Got 100 results (total: 90732)
05:27:24 [ERROR] [MCF] Page 57 failed: (sqlite3.IntegrityError) UNIQUE constraint failed: scraped_jobs.dedup_key
[SQL: INSERT INTO scraped_jobs (title, company, location, salary, source, url, posted_date, employment_type, seniority, description, skills, agency, dedup_key, search_keyword, scraped_at) VALUES (?, ?, ?, ?, ?, ?, ?, ?, ?, ?, ?, ?, ?, ?, ?) RETURNING id]
[parameters: ('🤩Events Marketing Trainee', 'SIMPLE RECRUIT', 'BOAT QUAY CONSERVATION AREA', '$4,000 - $5,000', 'MyCareersFuture', 'https://www.mycareersfuture.gov.sg/job/9f6881a97d2db390d14d3c4b55039b09', '2026-03-21', '', 'Fresh/entry level', 'Requirements: Excellent ethics and positive learning attitude Leadership potential and ready to take on challenges (view challenges as opportunities  ... (513 characters truncated) ... to us by clicking APPLY NOW. We will bring you on to a GREATER ADVENTURE! (We regret to inform you that only shortlisted candidate will be notified.)', '["Ability to Multitask", "Sales", "Leadership", "Product Marketing", "Ability To Work Independently", "Interpersonal Skills", "Mentorship", "Event Planning", "Physically Fit", "Attention to Detail", "Communication Skills", "Team Player"]', '', '850e430c1d446d39a5a91bcd523a0b34', 'all', '2026-03-24T05:27:24.134225')]
(Background on this error at: https://sqlalche.me/e/20/gkpj)
05:27:26 [INFO] [MCF] Searching for '' (limit=100, page=58)...
05:27:26 [INFO] [MCF] Got 100 results (total: 90732)
05:27:26 [ERROR] [MCF] Page 58 failed: (sqlite3.IntegrityError) UNIQUE constraint failed: scraped_jobs.dedup_key
[SQL: INSERT INTO scraped_jobs (title, company, location, salary, source, url, posted_date, employment_type, seniority, description, skills, agency, dedup_key, search_keyword, scraped_at) VALUES (?, ?, ?, ?, ?, ?, ?, ?, ?, ?, ?, ?, ?, ?, ?) RETURNING id]
[parameters: ('Events Marketing (Entry)', 'J&N VENTURES', 'Singapore', '$3,000 - $6,000', 'MyCareersFuture', 'https://www.mycareersfuture.gov.sg/job/6d6ea415ac6e70aa7ff5c508c87f4b1f', '2026-03-21', '', 'Fresh/entry level', 'Job Summary We are seeking an ambitious Marketing Executive to increase brand awareness and grow the customer base by promoting products and services ... (613 characters truncated) ... keting messages Openness to learning and adapting to new marketing techniques and strategies Candidates with no prior experience are welcome to apply', '["Leadership", "Microsoft Office", "Social Media", "Marketing", "Event Management", "Event Planning", "Public Relations", "Project Management", "Attention to Detail", "Presentation Skills", "Team Player", "Brand Awareness"]', '', 'aa92fdd9edd7a91850ecca354feb431c', 'all', '2026-03-24T05:27:26.846368')]
(Background on this error at: https://sqlalche.me/e/20/gkpj)
05:27:28 [INFO] [MCF] Searching for '' (limit=100, page=59)...
05:27:29 [INFO] [MCF] Got 100 results (total: 90732)
05:27:29 [ERROR] [MCF] Page 59 failed: (sqlite3.IntegrityError) UNIQUE constraint failed: scraped_jobs.dedup_key
[SQL: INSERT INTO scraped_jobs (title, company, location, salary, source, url, posted_date, employment_type, seniority, description, skills, agency, dedup_key, search_keyword, scraped_at) VALUES (?, ?, ?, ?, ?, ?, ?, ?, ?, ?, ?, ?, ?, ?, ?) RETURNING id]
[parameters: ('BEAUTICIAN', 'AUSPICIOUS AGENCY PTE. LTD.', 'TRIVEX', '$2,500 - $5,000', 'MyCareersFuture', 'https://www.mycareersfuture.gov.sg/job/73acd42729fa763e1e729de4d98397d4', '2026-03-21', '', 'Executive', 'Applying makeup, performing facials, and recommending skincare therapies. Performing manicures and pedicures, nail art, and color recommendations. Pe ... (361 characters truncated) ... ies. Good hand-eye coordination Professional appearance and a positive attitude Able to work on public holidays and weekend Able to work night shift.', '["Customer Service Skills", "Aesthetics", "Aftersales", "Interpersonal Skills", "Treatment", "Waxing", "Spa", "Data Entry", "Styling", "Beauty Industry", "Team Player", "Customer Service", "Disposition", "Scheduling", "Skin Care"]', '', 'ef74cf7992f66ef502c9928d0a206026', 'all', '2026-03-24T05:27:29.624156')]
(Background on this error at: https://sqlalche.me/e/20/gkpj)
05:27:31 [INFO] [MCF] Searching for '' (limit=100, page=60)...
05:27:33 [INFO] [MCF] Got 100 results (total: 90732)
05:27:33 [INFO] [MCF] Page 60: 100 jobs (total new: 5642, updated: 458)
05:27:33 [INFO] [MCF] Searching for '' (limit=100, page=61)...
05:27:34 [INFO] [MCF] Got 100 results (total: 90732)
05:27:34 [ERROR] [MCF] Page 61 failed: (sqlite3.IntegrityError) UNIQUE constraint failed: scraped_jobs.dedup_key
[SQL: INSERT INTO scraped_jobs (title, company, location, salary, source, url, posted_date, employment_type, seniority, description, skills, agency, dedup_key, search_keyword, scraped_at) VALUES (?, ?, ?, ?, ?, ?, ?, ?, ?, ?, ?, ?, ?, ?, ?) RETURNING id]
[parameters: ('SUPERVISOR', 'OCEANDA HR PTE. LTD.', 'UPPER PAYA LEBAR ROAD', '$3,000 - $5,000', 'MyCareersFuture', 'https://www.mycareersfuture.gov.sg/job/468659cc48d92570567aa92fd5a25db5', '2026-03-21', '', 'Professional', 'Responsibilities • Set goals for performance and deadlines in ways that comply with company’s plans and vision and communicate them to subordinates • ... (735 characters truncated) ...  job descriptions • Excellent communication and interpersonal skills • Outstanding organizational and leadership skills • Good knowledge of MS Office', '["effectiveness of promotions", "Leadership", "Microsoft Office", "Managing Deadlines", "monitoring job productivity", "Job Descriptions", "implementing the communication plans", "Supervisory Skills", "Workflow Management", "Employee Management", "company policies"]', '', '14bc26a2f4c83136078b7e3df5fa7095', 'all', '2026-03-24T05:27:34.818554')]
(Background on this error at: https://sqlalche.me/e/20/gkpj)
05:27:36 [INFO] [MCF] Searching for '' (limit=100, page=62)...
05:27:38 [INFO] [MCF] Got 100 results (total: 90732)
05:27:38 [ERROR] [MCF] Page 62 failed: (sqlite3.IntegrityError) UNIQUE constraint failed: scraped_jobs.dedup_key
[SQL: INSERT INTO scraped_jobs (title, company, location, salary, source, url, posted_date, employment_type, seniority, description, skills, agency, dedup_key, search_keyword, scraped_at) VALUES (?, ?, ?, ?, ?, ?, ?, ?, ?, ?, ?, ?, ?, ?, ?) RETURNING id]
[parameters: ('🚀 Sales (Fun Environment)', 'SIMPLE RECRUIT', 'BOAT QUAY', '$3,000 - $5,000', 'MyCareersFuture', 'https://www.mycareersfuture.gov.sg/job/2e93a5224dd8463d2fd6c3e966a10d2e', '2026-03-21', '', 'Fresh/entry level', 'Requirements: • Excellent ethics and positive learning attitude • Leadership potential and ready to take on challenges (view challenges as opportunit ... (531 characters truncated) ... e to us by clicking APPLY NOW. We will bring you on to a GREATER ADVENTURE! We regret to inform you that only shortlisted candidate will be notified.', '["Market Research", "Sales", "Leadership", "Microsoft Office", "Microsoft Excel", "Advertising", "Social Media", "Marketing Strategy", "Selling", "Ma ... (4 characters truncated) ... ing", "Strategy", "Mentorship", "Digital Marketing", "set team goals", "Writing", "Team Player", "Customer Service", "Facebook", "SEO", "Scheduling"]', '', 'df24d4f19474471d8f29ffad5f9348b3', 'all', '2026-03-24T05:27:38.785814')]
(Background on this error at: https://sqlalche.me/e/20/gkpj)
05:27:40 [INFO] [MCF] Searching for '' (limit=100, page=63)...
05:27:42 [INFO] [MCF] Got 100 results (total: 90732)
05:27:42 [ERROR] [MCF] Page 63 failed: (sqlite3.IntegrityError) UNIQUE constraint failed: scraped_jobs.dedup_key
[SQL: INSERT INTO scraped_jobs (title, company, location, salary, source, url, posted_date, employment_type, seniority, description, skills, agency, dedup_key, search_keyword, scraped_at) VALUES (?, ?, ?, ?, ?, ?, ?, ?, ?, ?, ?, ?, ?, ?, ?) RETURNING id]
[parameters: ('🌑Travelling Opportunities (Events)', 'SIMPLE RECRUIT', 'BOAT QUAY', '$3,500 - $4,200', 'MyCareersFuture', 'https://www.mycareersfuture.gov.sg/job/f96b2e1fbb6a310134ec0ab11a49be36', '2026-03-21', '', 'Fresh/entry level', 'Job Overview We are seeking motivated individuals who are looking to begin their careers in sales and marketing with a structured development pathway ... (882 characters truncated) ... d onboarding and skills training Clear and transparent performance-based career progression Leadership development opportunities Travel opportunities', '["Teamwork", "Sales and Marketing", "Discipline", "Interpersonal Skill", "Training Development", "Brand Campaign Management", "Self-driven", "Results ... (39 characters truncated) ... o learn", "set team goals", "Accountability", "Goal-driven Leader", "Customer Service", "Challenge Driven", "positive attitude", "leadership skills"]', '', 'b03d3174c39c7cc22b91d25507dd6c46', 'all', '2026-03-24T05:27:42.283157')]
(Background on this error at: https://sqlalche.me/e/20/gkpj)
05:27:44 [INFO] [MCF] Searching for '' (limit=100, page=64)...
05:27:44 [INFO] [MCF] Got 100 results (total: 90732)
05:27:44 [ERROR] [MCF] Page 64 failed: (sqlite3.IntegrityError) UNIQUE constraint failed: scraped_jobs.dedup_key
[SQL: INSERT INTO scraped_jobs (title, company, location, salary, source, url, posted_date, employment_type, seniority, description, skills, agency, dedup_key, search_keyword, scraped_at) VALUES (?, ?, ?, ?, ?, ?, ?, ?, ?, ?, ?, ?, ?, ?, ?) RETURNING id]
[parameters: ('Travelling Opportunities (Events)', 'SIMPLE RECRUIT', 'BOAT QUAY', '$3,500 - $4,200', 'MyCareersFuture', 'https://www.mycareersfuture.gov.sg/job/670b3f7a068400f9a6b538e92ae35ee3', '2026-03-21', '', 'Fresh/entry level', 'Job Overview We are seeking motivated individuals who are looking to begin their careers in sales and marketing with a structured development pathway ... (882 characters truncated) ... d onboarding and skills training Clear and transparent performance-based career progression Leadership development opportunities Travel opportunities', '["Teamwork", "Sales and Marketing", "Discipline", "Interpersonal Skill", "Training Development", "Brand Campaign Management", "Self-driven", "Results ... (39 characters truncated) ... o learn", "set team goals", "Accountability", "Goal-driven Leader", "Customer Service", "Challenge Driven", "positive attitude", "leadership skills"]', '', 'c6fb370c008be175b0d22d137f530df4', 'all', '2026-03-24T05:27:44.504501')]
(Background on this error at: https://sqlalche.me/e/20/gkpj)
05:27:46 [INFO] [MCF] Searching for '' (limit=100, page=65)...
05:27:47 [INFO] [MCF] Got 100 results (total: 90732)
05:27:47 [ERROR] [MCF] Page 65 failed: (sqlite3.IntegrityError) UNIQUE constraint failed: scraped_jobs.dedup_key
[SQL: INSERT INTO scraped_jobs (title, company, location, salary, source, url, posted_date, employment_type, seniority, description, skills, agency, dedup_key, search_keyword, scraped_at) VALUES (?, ?, ?, ?, ?, ?, ?, ?, ?, ?, ?, ?, ?, ?, ?) RETURNING id]
[parameters: ('ENGINEER', 'D RESOURCES ENTERPRISE', 'FRONTIER', '$3,500 - $4,500', 'MyCareersFuture', 'https://www.mycareersfuture.gov.sg/job/aed4a1b9fb0142de0babd5f09441f842', '2026-03-21', '', 'Senior Management', "We are seeking a motivated Engineer to join our dynamic engineering team. The ideal candidate will have 1-3 years of relevant experience in the engin ... (1125 characters truncated) ... industry, we encourage you to apply for this exciting opportunity. Join our team and be part of creating innovative solutions that make a difference.", '["Technical Documentation", "Troubleshooting", "Construction", "Analytical Skills", "Hardware", "Scripting", "Electrical", "SQL", "Networking", "Python", "Java", "Manufacturing", "Linux", "Electronics", "Software Development", "Technical Support"]', '', '2001cccc4b266b186f2f6f3914cef06b', 'all', '2026-03-24T05:27:47.809994')]
(Background on this error at: https://sqlalche.me/e/20/gkpj)
05:27:49 [INFO] [MCF] Searching for '' (limit=100, page=66)...
05:27:51 [INFO] [MCF] Got 100 results (total: 90732)
05:27:51 [ERROR] [MCF] Page 66 failed: (sqlite3.IntegrityError) UNIQUE constraint failed: scraped_jobs.dedup_key
[SQL: INSERT INTO scraped_jobs (title, company, location, salary, source, url, posted_date, employment_type, seniority, description, skills, agency, dedup_key, search_keyword, scraped_at) VALUES (?, ?, ?, ?, ?, ?, ?, ?, ?, ?, ?, ?, ?, ?, ?) RETURNING id]
[parameters: ('Precision/Fresh/No experience-Assistant Engineer x3', 'ATOMRECRUIT PTE. LTD.', 'ESR BIZPARK @ CHAI CHEE', '$2,500 - $3,000', 'MyCareersFuture', 'https://www.mycareersfuture.gov.sg/job/58f760f1bb1d0a6489f54accc868dd12', '2026-03-21', '', 'Fresh/entry level', 'No experience/Diploma in precision/mechanical/mechatronic/electrical/electronic/Industrial or related engineering Basic (no experiene / fresh)-$2500- ... (956 characters truncated) ...  at emily.fong@atomrecruit.com Emily Fong Senior Talent Specialist Atomrecruit Pte. Ltd. | MOM EA License No.: 15C7443 EA Personnel Reg No.: R1768368', '["Preventive Maintenance", "Troubleshooting", "Electrical", "MS Word", "Team Player", "Assembly", "Manufacturing", "Electronics", "Japanese", "Mechanical Engineering", "Technical Support"]', '', '23b5626b7a773160ee7efe7ae07ef7b2', 'all', '2026-03-24T05:27:51.041916')]
(Background on this error at: https://sqlalche.me/e/20/gkpj)
05:27:53 [INFO] [MCF] Searching for '' (limit=100, page=67)...
05:27:54 [INFO] [MCF] Got 100 results (total: 90732)
05:27:54 [ERROR] [MCF] Page 67 failed: (sqlite3.IntegrityError) UNIQUE constraint failed: scraped_jobs.dedup_key
[SQL: INSERT INTO scraped_jobs (title, company, location, salary, source, url, posted_date, employment_type, seniority, description, skills, agency, dedup_key, search_keyword, scraped_at) VALUES (?, ?, ?, ?, ?, ?, ?, ?, ?, ?, ?, ?, ?, ?, ?) RETURNING id]
[parameters: ('Marketing & Events Crew (Entry level // Training provided)', 'ROYAL ORG PTE. LTD.', 'BOAT QUAY', '$2,800 - $4,900', 'MyCareersFuture', 'https://www.mycareersfuture.gov.sg/job/ab683ef2b5c93452a417451395f588f1', '2026-03-21', '', 'Fresh/entry level', "Join a leading global sales & marketing organization representing well-known brands. We're looking for driven individuals - including mid-career swit ... (451 characters truncated) ... Individuals with strong communication skills People who enjoy continuous learning Candidates seeking career growth, regardless of previous experience", '["Market Research", "Coaching", "Sales", "Leadership", "Interpersonal Skills", "awareness raising", "Marketing Strategy", "create brand awareness", " ... (16 characters truncated) ... , "Marketing", "Mentorship", "Presentation Skills", "Team Player", "Raising awareness", "Team Work", "Able To Work Independently", "Brand Awareness"]', '', '24e1e0550f716a5fe32693d8d4ffdbe3', 'all', '2026-03-24T05:27:54.508641')]
(Background on this error at: https://sqlalche.me/e/20/gkpj)
05:27:56 [INFO] [MCF] Searching for '' (limit=100, page=68)...
05:27:57 [INFO] [MCF] Got 100 results (total: 90732)
05:27:57 [ERROR] [MCF] Page 68 failed: (sqlite3.IntegrityError) UNIQUE constraint failed: scraped_jobs.dedup_key
[SQL: INSERT INTO scraped_jobs (title, company, location, salary, source, url, posted_date, employment_type, seniority, description, skills, agency, dedup_key, search_keyword, scraped_at) VALUES (?, ?, ?, ?, ?, ?, ?, ?, ?, ?, ?, ?, ?, ?, ?) RETURNING id]
[parameters: ('Lead Cybersecurity Specialist (Governance)', 'JJ CONSULTING SERVICES', 'Singapore', '$12,000 - $17,000', 'MyCareersFuture', 'https://www.mycareersfuture.gov.sg/job/b7b98731a5c14526fdd68191da082a9a', '2026-03-21', '', 'Middle Management', '\u200b Our Client is an established company in Singapore, who is seeking to recruit a Lead Cybersecurity Specialist (Governance). Lead Cybersecurity  ... (4707 characters truncated) ... ffensive Security Web Expert) are highly preferred. Soft Skills · Strategic Influence: Ability to educate and persuade senior stakeholders (CIOs/Proj', '["Information Security", "Tactics", "Security Governance", "Risk Governance", "Risk Assessment", "Architect", "Critical Thinking", "Supply Chain", "Risk Management", "Audit Compliance", "Advocacy", "Articulation", "Stakeholder Management", "Audit", "Technology Application", "CISSP"]', '', 'bfe46e51e4df05c8d5859d76f80bc623', 'all', '2026-03-24T05:27:57.354073')]
(Background on this error at: https://sqlalche.me/e/20/gkpj)
05:27:59 [INFO] [MCF] Searching for '' (limit=100, page=69)...
05:28:00 [INFO] [MCF] Got 100 results (total: 90732)
05:28:00 [ERROR] [MCF] Page 69 failed: (sqlite3.IntegrityError) UNIQUE constraint failed: scraped_jobs.dedup_key
[SQL: INSERT INTO scraped_jobs (title, company, location, salary, source, url, posted_date, employment_type, seniority, description, skills, agency, dedup_key, search_keyword, scraped_at) VALUES (?, ?, ?, ?, ?, ?, ?, ?, ?, ?, ?, ?, ?, ?, ?) RETURNING id]
[parameters: ('Electrical Engineer, Construction/M&E', 'BAYES RECRUITMENT PTE. LTD.', 'Singapore', '$2,500 - $6,500', 'MyCareersFuture', 'https://www.mycareersfuture.gov.sg/job/e66638db7daf52fe67cd4f7d8fd147d3', '2026-03-21', '', 'Executive', 'Coordinate Electrical works and services for building construction projects (M&E contractor environment) Plan, develop, and manage work schedules to  ... (807 characters truncated) ... plements the responsibilities listed, send your resume to koh.dickson@bayesrecruitment.com Dickson KOH, EA Registration R1103367 bayesrecruitment.com', '["Construction", "Wiring", "Testing & Commissioning", "Electrical", "Routing", "Access Control", "Procurement", "Control System Design", "Engineering ... (13 characters truncated) ... mmissioning of control systems", "High Voltage", "fire alarm system", "Cabling", "Systems Design", "Instrumentation", "Low Voltage", "Commissioning"]', '', '206bb3307af5075abbdc92f8f9688447', 'all', '2026-03-24T05:28:00.493567')]
(Background on this error at: https://sqlalche.me/e/20/gkpj)
05:28:02 [INFO] [MCF] Searching for '' (limit=100, page=70)...
05:28:03 [INFO] [MCF] Got 100 results (total: 90732)
05:28:03 [ERROR] [MCF] Page 70 failed: (sqlite3.IntegrityError) UNIQUE constraint failed: scraped_jobs.dedup_key
[SQL: INSERT INTO scraped_jobs (title, company, location, salary, source, url, posted_date, employment_type, seniority, description, skills, agency, dedup_key, search_keyword, scraped_at) VALUES (?, ?, ?, ?, ?, ?, ?, ?, ?, ?, ?, ?, ?, ?, ?) RETURNING id]
[parameters: ('BEAUTICIAN', 'AUSPICIOUS AGENCY PTE. LTD.', 'TOA PAYOH CENTRAL', '$2,500 - $5,000', 'MyCareersFuture', 'https://www.mycareersfuture.gov.sg/job/3902a98b82ad8fcb699be8e2fffdcf57', '2026-03-21', '', 'Executive', 'Applying makeup, performing facials, and recommending skincare therapies. Performing manicures and pedicures, nail art, and color recommendations. Pe ... (361 characters truncated) ... ies. Good hand-eye coordination Professional appearance and a positive attitude Able to work on public holidays and weekend Able to work night shift.', '["Customer Service Skills", "Aesthetics", "Aftersales", "Interpersonal Skills", "Treatment", "Waxing", "Spa", "Data Entry", "Styling", "Beauty Industry", "Team Player", "Customer Service", "Disposition", "Scheduling", "Skin Care"]', '', 'ef74cf7992f66ef502c9928d0a206026', 'all', '2026-03-24T05:28:03.797783')]
(Background on this error at: https://sqlalche.me/e/20/gkpj)
05:28:05 [INFO] [MCF] Searching for '' (limit=100, page=71)...
05:28:07 [INFO] [MCF] Got 100 results (total: 90732)
05:28:07 [ERROR] [MCF] Page 71 failed: (sqlite3.IntegrityError) UNIQUE constraint failed: scraped_jobs.dedup_key
[SQL: INSERT INTO scraped_jobs (title, company, location, salary, source, url, posted_date, employment_type, seniority, description, skills, agency, dedup_key, search_keyword, scraped_at) VALUES (?, ?, ?, ?, ?, ?, ?, ?, ?, ?, ?, ?, ?, ?, ?) RETURNING id]
[parameters: ('Financial Consultant', 'PRUDENTIAL ASSURANCE COMPANY SINGAPORE (PTE) LIMITED', 'PRUDENTIAL TOWER', '$6,000 - $8,999', 'MyCareersFuture', 'https://www.mycareersfuture.gov.sg/job/84dcdb2fdf35817f4cdc3e2122b18735', '2026-03-20', '', 'Manager', 'Job Profile Summary: You will provide sound insurance and reliable financial advice to clients by analyzing their financial needs and exceeding their ... (991 characters truncated) ... tifications Education GCE ‘A’ level, International Baccalaureate Diploma qualification or Diploma awarded by a Polytechnic in Singapore or equivalent', '["Coaching", "Wealth Management", "Financial Planning", "Investments", "Wealth Accumulation", "Wealth", "Risk Management", "Entrepreneurship", "Compliance", "Banking", "Retirement Planning", "Financial Advisory", "Retirement", "Corporate Finance", "Financial Services"]', '', '2a98fc056d6f8295a6cea5a6253aec04', 'all', '2026-03-24T05:28:07.124072')]
(Background on this error at: https://sqlalche.me/e/20/gkpj)
05:28:09 [INFO] [MCF] Searching for '' (limit=100, page=72)...
05:28:10 [INFO] [MCF] Got 100 results (total: 90732)
05:28:10 [ERROR] [MCF] Page 72 failed: (sqlite3.IntegrityError) UNIQUE constraint failed: scraped_jobs.dedup_key
[SQL: INSERT INTO scraped_jobs (title, company, location, salary, source, url, posted_date, employment_type, seniority, description, skills, agency, dedup_key, search_keyword, scraped_at) VALUES (?, ?, ?, ?, ?, ?, ?, ?, ?, ?, ?, ?, ?, ?, ?) RETURNING id]
[parameters: ('Financial Consultant', 'PRUDENTIAL FINANCIAL ADVISERS SINGAPORE PTE. LTD.', 'PRUDENTIAL TOWER', '$2,000 - $3,999', 'MyCareersFuture', 'https://www.mycareersfuture.gov.sg/job/f23bd4afa514b78e22a0aa3f7142aa6e', '2026-03-20', '', 'Executive', 'Job Profile Summary: You will provide sound insurance and reliable financial advice to clients by analyzing their financial needs and exceeding their ... (991 characters truncated) ... tifications Education GCE ‘A’ level, International Baccalaureate Diploma qualification or Diploma awarded by a Polytechnic in Singapore or equivalent', '["Wealth Management", "Financial Planning", "Interpersonal Skills", "Investments", "Wealth", "Problem Solving", "Risk Management", "Insurance Sales", "Compliance", "Retirement Planning", "Financial Advisory", "Financial Services"]', '', '1b0cf00a147424b2007de647d77da5fd', 'all', '2026-03-24T05:28:10.485884')]
(Background on this error at: https://sqlalche.me/e/20/gkpj)
05:28:12 [INFO] [MCF] Searching for '' (limit=100, page=73)...
05:28:13 [INFO] [MCF] Got 100 results (total: 90732)
05:28:13 [ERROR] [MCF] Page 73 failed: (sqlite3.IntegrityError) UNIQUE constraint failed: scraped_jobs.dedup_key
[SQL: INSERT INTO scraped_jobs (title, company, location, salary, source, url, posted_date, employment_type, seniority, description, skills, agency, dedup_key, search_keyword, scraped_at) VALUES (?, ?, ?, ?, ?, ?, ?, ?, ?, ?, ?, ?, ?, ?, ?) RETURNING id]
[parameters: ('Sales & Marketing (Entry Level)', 'SIMPLE RECRUIT', 'BOAT QUAY', '$3,000 - $4,000', 'MyCareersFuture', 'https://www.mycareersfuture.gov.sg/job/b12db3212711f5207d125cdf1a982a86', '2026-03-20', '', 'Fresh/entry level', "🕒 Full-Time | 💼 Entry Level | 🌍 Travel Opportunities Are you someone who’s hungry to grow, loves working with people, and ready to build a career (no ... (1053 characters truncated) ... re? Apply now and let's build something awesome together. ✨ 📩 Click APPLY NOW and send us your resume. Only shortlisted candidates will be contacted.", '["Management Skills", "Sales", "Leadership", "Ability To Work Independently", "Strategic Communications", "Marketing Communications", "Positive Team  ... (80 characters truncated) ... eam Player", "Positive Personality", "Maintaining a Positive Attitude", "Scheduling", "hardworking", "positive attitude", "Positive Can-do Attitude"]', '', '159102d11bba601fbe8448962b962bfe', 'all', '2026-03-24T05:28:13.409149')]
(Background on this error at: https://sqlalche.me/e/20/gkpj)
05:28:15 [INFO] [MCF] Searching for '' (limit=100, page=74)...
05:28:16 [INFO] [MCF] Got 100 results (total: 90732)
05:28:16 [ERROR] [MCF] Page 74 failed: (sqlite3.IntegrityError) UNIQUE constraint failed: scraped_jobs.dedup_key
[SQL: INSERT INTO scraped_jobs (title, company, location, salary, source, url, posted_date, employment_type, seniority, description, skills, agency, dedup_key, search_keyword, scraped_at) VALUES (?, ?, ?, ?, ?, ?, ?, ?, ?, ?, ?, ?, ?, ?, ?) RETURNING id]
[parameters: ('Financial Consultant', 'LIONBROKERS PTE. LTD.', 'THE CENTRAL', '$6,000 - $12,000', 'MyCareersFuture', 'https://www.mycareersfuture.gov.sg/job/0f0b8a184cc756e3b68a06a5b92da0b3', '2026-03-20', '', 'Fresh/entry level', 'Take Charge of Your Career: Tired of the 9-to-5 grind? Ready to build a career with real earning potential and flexibility? Join our team as a Financ ... (968 characters truncated) ... te, or Degree No experience required—full training provided, just come with your ambition for financial freedom Pay: $6,000.00 - $12,000.00 per month', '["Coaching", "Wealth Management", "Lifestyle", "Leadership", "Financial Planning", "Investments", "Wealth Accumulation", "Wealth", "Risk Management", "Entrepreneurship", "Banking", "Retirement Planning", "Financial Advisory", "Retirement", "Corporate Finance", "Financial Services"]', '', 'd2a03399de5aa27ee80efc11a946e381', 'all', '2026-03-24T05:28:16.826743')]
(Background on this error at: https://sqlalche.me/e/20/gkpj)
05:28:18 [INFO] [MCF] Searching for '' (limit=100, page=75)...
05:28:19 [INFO] [MCF] Got 100 results (total: 90732)
05:28:19 [ERROR] [MCF] Page 75 failed: (sqlite3.IntegrityError) UNIQUE constraint failed: scraped_jobs.dedup_key
[SQL: INSERT INTO scraped_jobs (title, company, location, salary, source, url, posted_date, employment_type, seniority, description, skills, agency, dedup_key, search_keyword, scraped_at) VALUES (?, ?, ?, ?, ?, ?, ?, ?, ?, ?, ?, ?, ?, ?, ?) RETURNING id]
[parameters: ('SUPERVISOR', 'SINWEB MANPOWER PTE. LTD.', 'Singapore', '$3,000 - $5,000', 'MyCareersFuture', 'https://www.mycareersfuture.gov.sg/job/e50bd5db72e8dec2fa68547239d900b6', '2026-03-20', '', 'Middle Management', 'Requirements * Proven experience as Supervisor or similar role * Organizational and leadership abilities * Communication and interpersonal skills * S ... (318 characters truncated) ... dules * Oversee and coach employees * Identify issues in efficiency and suggest improvements * Enforce strict safety guidelines and company standards', '["Coaching", "Health and Safety guidelines", "Leadership", "Microsoft Excel", "Supervisory Skills", "Purchasing", "Problem Solving", "Workflow Management", "Scheduling", "Efficiency Improvement"]', '', '2fcbf06b752228b2bdf6ffe22b95a3ed', 'all', '2026-03-24T05:28:19.831520')]
(Background on this error at: https://sqlalche.me/e/20/gkpj)
05:28:21 [INFO] [MCF] Searching for '' (limit=100, page=76)...
05:28:23 [INFO] [MCF] Got 100 results (total: 90732)
05:28:23 [INFO] [MCF] Page 76: 100 jobs (total new: 7085, updated: 615)
05:28:23 [INFO] [MCF] Searching for '' (limit=100, page=77)...
05:28:24 [INFO] [MCF] Got 100 results (total: 90732)
05:28:24 [ERROR] [MCF] Page 77 failed: (sqlite3.IntegrityError) UNIQUE constraint failed: scraped_jobs.dedup_key
[SQL: INSERT INTO scraped_jobs (title, company, location, salary, source, url, posted_date, employment_type, seniority, description, skills, agency, dedup_key, search_keyword, scraped_at) VALUES (?, ?, ?, ?, ?, ?, ?, ?, ?, ?, ?, ?, ?, ?, ?) RETURNING id]
[parameters: ('Locum Sonographer', 'ADVANCED MEDICINE IMAGING PTE. LTD.', 'AMNIOS', '$50 - $50', 'MyCareersFuture', 'https://www.mycareersfuture.gov.sg/job/df4715c23a4836aebb909dc9586180eb', '2026-03-20', '', 'Executive', 'Job Description: We are seeking a Sonographer to provide excellent patient care, operate imaging equipment, position patients for accurate scans, exp ... (867 characters truncated) ...  with radiologists in special procedures if any Other tasks as assigned by your Imaging Manager Any other adhoc duties as assigned by Imaging Manager', '["Ultrasound", "Medical Imaging", "Quality Control", "PACS", "Archiving", "Quality Assurance", "Quality Improvement", "Infection Control", "Patient Safety", "Interpreting", "Compliance", "Satellite", "Customer Service", "Screening", "Radiology", "Radiography"]', '', '9c2bb7bd2d52d029967afa1f2248d8fb', 'all', '2026-03-24T05:28:24.819065')]
(Background on this error at: https://sqlalche.me/e/20/gkpj)
05:28:26 [INFO] [MCF] Searching for '' (limit=100, page=78)...
05:28:28 [INFO] [MCF] Got 100 results (total: 90732)
05:28:28 [INFO] [MCF] Page 78: 100 jobs (total new: 7180, updated: 720)
05:28:28 [INFO] [MCF] Searching for '' (limit=100, page=79)...
05:28:30 [INFO] [MCF] Got 100 results (total: 90732)
05:28:30 [ERROR] [MCF] Page 79 failed: (sqlite3.IntegrityError) UNIQUE constraint failed: scraped_jobs.dedup_key
[SQL: INSERT INTO scraped_jobs (title, company, location, salary, source, url, posted_date, employment_type, seniority, description, skills, agency, dedup_key, search_keyword, scraped_at) VALUES (?, ?, ?, ?, ?, ?, ?, ?, ?, ?, ?, ?, ?, ?, ?) RETURNING id]
[parameters: ('Construction Site Engineer', 'WE-TRUST RECRUITMENT PTE. LTD.', 'Singapore', '$3,400 - $5,000', 'MyCareersFuture', 'https://www.mycareersfuture.gov.sg/job/78baaecfbb8c68408fd696bc557d28eb', '2026-03-20', '', 'Non-executive', 'Responsibilities: Monitor construction progress and ensure adherence to project plans and specifications. Plan and supervise the construction of vehi ... (2633 characters truncated) ... ls, attention to detail, effective communication abilities, and a proactive approach to problem-solving in a construction or engineering environment.', '["Leadership", "Construction", "Quality Control", "Quality Assurance", "EPC", "Analytical Abilities", "Operations Management", "Architects", "Project Quality", "Problem Solving", "MS Office", "Compliance", "Attention to Detail", "AutoCAD", "Civil Engineering", "Cost Control"]', '', '0aede1cafae5325fbdf14d1a232d2f35', 'all', '2026-03-24T05:28:30.235873')]
(Background on this error at: https://sqlalche.me/e/20/gkpj)
05:28:32 [INFO] [MCF] Searching for '' (limit=100, page=80)...
