09:59:03 [INFO] Seeding 20 keywords from ['careersgov'] sources...
09:59:03 [INFO] Searching: 'software engineer'...
09:59:03 [INFO] [Careers@Gov] Searching for 'software engineer' (limit=20)...
09:59:04 [INFO] [Careers@Gov] Got 20 results (total: 158)
09:59:05 [INFO]   Got 20 jobs (raw: 20, dupes removed: 0)
09:59:06 [INFO] Searching: 'data engineer'...
09:59:06 [INFO] [Careers@Gov] Searching for 'data engineer' (limit=20)...
09:59:06 [INFO] [Careers@Gov] Got 20 results (total: 286)
09:59:07 [INFO]   Got 20 jobs (raw: 20, dupes removed: 0)
09:59:08 [INFO] Searching: 'data analyst'...
09:59:08 [INFO] [Careers@Gov] Searching for 'data analyst' (limit=20)...
09:59:08 [INFO] [Careers@Gov] Got 20 results (total: 319)
09:59:09 [INFO]   Got 20 jobs (raw: 20, dupes removed: 0)
09:59:10 [INFO] Searching: 'data scientist'...
09:59:10 [INFO] [Careers@Gov] Searching for 'data scientist' (limit=20)...
09:59:10 [INFO] [Careers@Gov] Got 20 results (total: 36)
09:59:11 [INFO]   Got 20 jobs (raw: 20, dupes removed: 0)
09:59:12 [INFO] Searching: 'machine learning'...
09:59:12 [INFO] [Careers@Gov] Searching for 'machine learning' (limit=20)...
09:59:12 [INFO] [Careers@Gov] Got 20 results (total: 47)
09:59:13 [INFO]   Got 20 jobs (raw: 20, dupes removed: 0)
09:59:14 [INFO] Searching: 'product manager'...
09:59:14 [INFO] [Careers@Gov] Searching for 'product manager' (limit=20)...
09:59:15 [INFO] [Careers@Gov] Got 20 results (total: 279)
09:59:15 [INFO]   Got 20 jobs (raw: 20, dupes removed: 0)
09:59:16 [INFO] Searching: 'project manager'...
09:59:16 [INFO] [Careers@Gov] Searching for 'project manager' (limit=20)...
09:59:17 [INFO] [Careers@Gov] Got 20 results (total: 598)
09:59:17 [INFO]   Got 19 jobs (raw: 20, dupes removed: 1)
09:59:18 [INFO] Searching: 'devops engineer'...
09:59:18 [INFO] [Careers@Gov] Searching for 'devops engineer' (limit=20)...
09:59:19 [INFO] [Careers@Gov] Got 20 results (total: 44)
09:59:19 [INFO]   Got 20 jobs (raw: 20, dupes removed: 0)
09:59:20 [INFO] Searching: 'frontend developer'...
09:59:20 [INFO] [Careers@Gov] Searching for 'frontend developer' (limit=20)...
09:59:21 [INFO] [Careers@Gov] Got 20 results (total: 20)
09:59:21 [INFO]   Got 20 jobs (raw: 20, dupes removed: 0)
09:59:22 [INFO] Searching: 'backend developer'...
09:59:22 [INFO] [Careers@Gov] Searching for 'backend developer' (limit=20)...
09:59:23 [INFO] [Careers@Gov] Got 20 results (total: 34)
09:59:23 [INFO]   Got 20 jobs (raw: 20, dupes removed: 0)
09:59:24 [INFO] Searching: 'full stack developer'...
09:59:24 [INFO] [Careers@Gov] Searching for 'full stack developer' (limit=20)...
09:59:25 [INFO] [Careers@Gov] Got 20 results (total: 35)
09:59:26 [INFO]   Got 20 jobs (raw: 20, dupes removed: 0)
09:59:27 [INFO] Searching: 'cloud engineer'...
09:59:27 [INFO] [Careers@Gov] Searching for 'cloud engineer' (limit=20)...
09:59:27 [INFO] [Careers@Gov] Got 20 results (total: 136)
09:59:28 [INFO]   Got 20 jobs (raw: 20, dupes removed: 0)
09:59:29 [INFO] Searching: 'cybersecurity'...
09:59:29 [INFO] [Careers@Gov] Searching for 'cybersecurity' (limit=20)...
09:59:29 [INFO] [Careers@Gov] Got 20 results (total: 146)
09:59:30 [INFO]   Got 20 jobs (raw: 20, dupes removed: 0)
09:59:31 [INFO] Searching: 'business analyst'...
09:59:31 [INFO] [Careers@Gov] Searching for 'business analyst' (limit=20)...
09:59:31 [INFO] [Careers@Gov] Got 20 results (total: 265)
09:59:32 [INFO]   Got 20 jobs (raw: 20, dupes removed: 0)
09:59:33 [INFO] Searching: 'UI UX designer'...
09:59:33 [INFO] [Careers@Gov] Searching for 'UI UX designer' (limit=20)...
09:59:33 [INFO] [Careers@Gov] Got 13 results (total: 13)
09:59:34 [INFO]   Got 13 jobs (raw: 13, dupes removed: 0)
09:59:35 [INFO] Searching: 'AI engineer'...
09:59:35 [INFO] [Careers@Gov] Searching for 'AI engineer' (limit=20)...
09:59:36 [INFO] [Careers@Gov] Got 20 results (total: 165)
09:59:36 [INFO]   Got 20 jobs (raw: 20, dupes removed: 0)
09:59:37 [INFO] Searching: 'solutions architect'...
09:59:37 [INFO] [Careers@Gov] Searching for 'solutions architect' (limit=20)...
09:59:38 [INFO] [Careers@Gov] Got 20 results (total: 104)
09:59:38 [INFO]   Got 20 jobs (raw: 20, dupes removed: 0)
09:59:39 [INFO] Searching: 'quality assurance'...
09:59:39 [INFO] [Careers@Gov] Searching for 'quality assurance' (limit=20)...
09:59:40 [INFO] [Careers@Gov] Got 20 results (total: 38)
09:59:40 [INFO]   Got 20 jobs (raw: 20, dupes removed: 0)
09:59:41 [INFO] Searching: 'scrum master'...
09:59:41 [INFO] [Careers@Gov] Searching for 'scrum master' (limit=20)...
09:59:42 [INFO] [Careers@Gov] Got 12 results (total: 12)
09:59:42 [INFO]   Got 12 jobs (raw: 12, dupes removed: 0)
09:59:43 [INFO] Searching: 'technical program manager'...
09:59:43 [INFO] [Careers@Gov] Searching for 'technical program manager' (limit=20)...
09:59:44 [INFO] [Careers@Gov] Got 20 results (total: 164)
09:59:44 [INFO]   Got 20 jobs (raw: 20, dupes removed: 0)
09:59:45 [INFO] ============================================================
09:59:45 [INFO] SEED COMPLETE
09:59:45 [INFO]   Keywords searched:  20
09:59:45 [INFO]   Total raw results:  385
09:59:45 [INFO]   New jobs added:     2
09:59:45 [INFO]   Jobs updated:       382
09:59:45 [INFO]   Errors:             0
09:59:45 [INFO]   Duration:           42.0s
09:59:45 [INFO]   Total jobs in DB:   17453
09:59:45 [INFO] ============================================================
